Component: ARM Compiler 5.05 update 1 (build 106) Tool: armlink [4d0efa]

==============================================================================

Section Cross References

    main.o(i.main) refers to os_core.o(i.OSInit) for OSInit
    main.o(i.main) refers to os_task.o(i.OSTaskCreate) for OSTaskCreate
    main.o(i.main) refers to os_core.o(i.OSStart) for OSStart
    main.o(i.main) refers to main.o(.bss) for START_TASK_STK
    main.o(i.main) refers to task.o(i.start_task) for start_task
    system_stm32f4xx.o(i.SystemCoreClockUpdate) refers to system_stm32f4xx.o(.data) for SystemCoreClock
    system_stm32f4xx.o(i.SystemInit) refers to system_stm32f4xx.o(i.SetSysClock) for SetSysClock
    robot.o(i.FSM_RUN) refers to os_time.o(i.OSTimeDly) for OSTimeDly
    robot.o(i.FSM_RUN) refers to gpio.o(i.cylinder_off) for cylinder_off
    robot.o(i.FSM_RUN) refers to task.o(i.TURNPLATE_adjusting) for TURNPLATE_adjusting
    robot.o(i.FSM_RUN) refers to information.o(i.Get_KEY) for Get_KEY
    robot.o(i.FSM_RUN) refers to gpio.o(i.cylinder_on) for cylinder_on
    robot.o(i.FSM_RUN) refers to robot.o(.data) for ROBOT
    robot.o(i.FSM_RUN) refers to moving.o(.bss) for robot
    robot.o(i.FSM_RUN) refers to global_location.o(.bss) for ROBOT_REAL_POS_DATA
    robot.o(i.FSM_RUN) refers to chassis_driver.o(.bss) for ROBOT_TARGET_VELOCITY_DATA
    bsp.o(i.bsp_init) refers to misc.o(i.NVIC_PriorityGroupConfig) for NVIC_PriorityGroupConfig
    bsp.o(i.bsp_init) refers to delay.o(i.delay_init) for delay_init
    bsp.o(i.bsp_init) refers to usart.o(i.uart_init) for uart_init
    bsp.o(i.bsp_init) refers to global_location.o(i.Location_init) for Location_init
    bsp.o(i.bsp_init) refers to gpio.o(i.cs_GPIO_init) for cs_GPIO_init
    bsp.o(i.bsp_init) refers to gpio.o(i.ls_GPIO_init) for ls_GPIO_init
    bsp.o(i.bsp_init) refers to gpio.o(i.cylinder_GPIO_init) for cylinder_GPIO_init
    bsp.o(i.bsp_init) refers to gpio.o(i.Key_GPIO_Init) for Key_GPIO_Init
    bsp.o(i.bsp_init) refers to pstwo.o(i.PS2_init) for PS2_init
    bsp.o(i.bsp_init) refers to gpio.o(i.beep_GPIO_init) for beep_GPIO_init
    bsp.o(i.bsp_init) refers to can1.o(i.can1_CAN1_init) for can1_CAN1_init
    bsp.o(i.bsp_init) refers to can2.o(i.can2_CAN2_init) for can2_CAN2_init
    bsp.o(i.bsp_init) refers to m3508.o(i.m3508_motor_init) for m3508_motor_init
    bsp.o(i.bsp_init) refers to moving.o(i.moving_init) for moving_init
    bsp.o(i.bsp_init) refers to time.o(i.Launch_Motor_init) for Launch_Motor_init
    bsp.o(i.bsp_init) refers to delay.o(i.delay_ms) for delay_ms
    bsp.o(i.bsp_init) refers to time.o(i.TIM9_PWM_Init) for TIM9_PWM_Init
    adc.o(i.ADC_IRQHandler) refers to stm32f4xx_adc.o(i.ADC_GetITStatus) for ADC_GetITStatus
    adc.o(i.ADC_IRQHandler) refers to stm32f4xx_adc.o(i.ADC_ClearITPendingBit) for ADC_ClearITPendingBit
    adc.o(i.adc_adc3_init) refers to stm32f4xx_rcc.o(i.RCC_AHB1PeriphClockCmd) for RCC_AHB1PeriphClockCmd
    adc.o(i.adc_adc3_init) refers to stm32f4xx_rcc.o(i.RCC_APB2PeriphClockCmd) for RCC_APB2PeriphClockCmd
    adc.o(i.adc_adc3_init) refers to stm32f4xx_gpio.o(i.GPIO_Init) for GPIO_Init
    adc.o(i.adc_adc3_init) refers to stm32f4xx_rcc.o(i.RCC_APB2PeriphResetCmd) for RCC_APB2PeriphResetCmd
    adc.o(i.adc_adc3_init) refers to stm32f4xx_adc.o(i.ADC_CommonInit) for ADC_CommonInit
    adc.o(i.adc_adc3_init) refers to stm32f4xx_adc.o(i.ADC_Init) for ADC_Init
    adc.o(i.adc_adc3_init) refers to stm32f4xx_adc.o(i.ADC_RegularChannelConfig) for ADC_RegularChannelConfig
    adc.o(i.adc_adc3_init) refers to misc.o(i.NVIC_Init) for NVIC_Init
    adc.o(i.adc_adc3_init) refers to stm32f4xx_adc.o(i.ADC_ITConfig) for ADC_ITConfig
    adc.o(i.adc_adc3_init) refers to stm32f4xx_adc.o(i.ADC_Cmd) for ADC_Cmd
    adc.o(i.adc_adc3_init) refers to stm32f4xx_adc.o(i.ADC_SoftwareStartConv) for ADC_SoftwareStartConv
    can1.o(i.CAN1_RX0_IRQHandler) refers to stm32f4xx_can.o(i.CAN_GetITStatus) for CAN_GetITStatus
    can1.o(i.CAN1_RX0_IRQHandler) refers to stm32f4xx_can.o(i.CAN_Receive) for CAN_Receive
    can1.o(i.CAN1_RX0_IRQHandler) refers to ak80.o(i.AK80_update_info) for AK80_update_info
    can1.o(i.CAN1_RX0_IRQHandler) refers to m3508.o(i.m3508_update_m3508_info) for m3508_update_m3508_info
    can1.o(i.CAN1_RX0_IRQHandler) refers to stm32f4xx_can.o(i.CAN_ClearITPendingBit) for CAN_ClearITPendingBit
    can1.o(i.CAN1_TX_IRQHandler) refers to stm32f4xx_can.o(i.CAN_GetITStatus) for CAN_GetITStatus
    can1.o(i.CAN1_TX_IRQHandler) refers to stm32f4xx_can.o(i.CAN_ClearITPendingBit) for CAN_ClearITPendingBit
    can1.o(i.can1_CAN1_init) refers to stm32f4xx_rcc.o(i.RCC_AHB1PeriphClockCmd) for RCC_AHB1PeriphClockCmd
    can1.o(i.can1_CAN1_init) refers to stm32f4xx_rcc.o(i.RCC_APB1PeriphClockCmd) for RCC_APB1PeriphClockCmd
    can1.o(i.can1_CAN1_init) refers to stm32f4xx_gpio.o(i.GPIO_PinAFConfig) for GPIO_PinAFConfig
    can1.o(i.can1_CAN1_init) refers to stm32f4xx_gpio.o(i.GPIO_Init) for GPIO_Init
[...]
    __rt_lib_init_argv_1                     0x08000269   Thumb Code     0  libinit2.o(.ARM.Collect$$libinit$$0000002C)
    __rt_lib_init_atexit_1                   0x08000269   Thumb Code     0  libinit2.o(.ARM.Collect$$libinit$$0000001B)
    __rt_lib_init_clock_1                    0x08000269   Thumb Code     0  libinit2.o(.ARM.Collect$$libinit$$00000021)
    __rt_lib_init_cpp_1                      0x08000269   Thumb Code     0  libinit2.o(.ARM.Collect$$libinit$$00000032)
    __rt_lib_init_exceptions_1               0x08000269   Thumb Code     0  libinit2.o(.ARM.Collect$$libinit$$00000030)
    __rt_lib_init_fp_trap_1                  0x08000269   Thumb Code     0  libinit2.o(.ARM.Collect$$libinit$$0000001F)
    __rt_lib_init_getenv_1                   0x08000269   Thumb Code     0  libinit2.o(.ARM.Collect$$libinit$$00000023)
    __rt_lib_init_lc_numeric_1               0x08000269   Thumb Code     0  libinit2.o(.ARM.Collect$$libinit$$00000017)
    __rt_lib_init_lc_time_1                  0x08000269   Thumb Code     0  libinit2.o(.ARM.Collect$$libinit$$00000019)
    __rt_lib_init_return                     0x08000269   Thumb Code     0  libinit2.o(.ARM.Collect$$libinit$$00000033)
    __rt_lib_init_signal_1                   0x08000269   Thumb Code     0  libinit2.o(.ARM.Collect$$libinit$$0000001D)
    __rt_lib_init_stdio_1                    0x08000269   Thumb Code     0  libinit2.o(.ARM.Collect$$libinit$$00000025)
    __rt_lib_shutdown                        0x0800026b   Thumb Code     0  libshutdown.o(.ARM.Collect$$libshutdown$$00000000)
    __rt_lib_shutdown_fp_trap_1              0x0800026d   Thumb Code     0  libshutdown2.o(.ARM.Collect$$libshutdown$$00000006)
    __rt_lib_shutdown_heap_1                 0x0800026d   Thumb Code     0  libshutdown2.o(.ARM.Collect$$libshutdown$$0000000E)
    __rt_lib_shutdown_return                 0x0800026d   Thumb Code     0  libshutdown2.o(.ARM.Collect$$libshutdown$$0000000F)
    __rt_lib_shutdown_signal_1               0x0800026d   Thumb Code     0  libshutdown2.o(.ARM.Collect$$libshutdown$$00000009)
    __rt_lib_shutdown_stdio_1                0x0800026d   Thumb Code     0  libshutdown2.o(.ARM.Collect$$libshutdown$$00000003)
    __rt_lib_shutdown_user_alloc_1           0x0800026d   Thumb Code     0  libshutdown2.o(.ARM.Collect$$libshutdown$$0000000B)
    __rt_entry                               0x0800026f   Thumb Code     0  __rtentry.o(.ARM.Collect$$rtentry$$00000000)
    __rt_entry_presh_1                       0x0800026f   Thumb Code     0  __rtentry2.o(.ARM.Collect$$rtentry$$00000002)
    __rt_entry_sh                            0x0800026f   Thumb Code     0  __rtentry4.o(.ARM.Collect$$rtentry$$00000004)
    __rt_entry_li                            0x08000275   Thumb Code     0  __rtentry2.o(.ARM.Collect$$rtentry$$0000000A)
    __rt_entry_postsh_1                      0x08000275   Thumb Code     0  __rtentry2.o(.ARM.Collect$$rtentry$$00000009)
    __rt_entry_main                          0x08000279   Thumb Code     0  __rtentry2.o(.ARM.Collect$$rtentry$$0000000D)
    __rt_entry_postli_1                      0x08000279   Thumb Code     0  __rtentry2.o(.ARM.Collect$$rtentry$$0000000C)
    __rt_exit                                0x08000281   Thumb Code     0  rtexit.o(.ARM.Collect$$rtexit$$00000000)
    __rt_exit_ls                             0x08000283   Thumb Code     0  rtexit2.o(.ARM.Collect$$rtexit$$00000003)
    __rt_exit_prels_1                        0x08000283   Thumb Code     0  rtexit2.o(.ARM.Collect$$rtexit$$00000002)
    __rt_exit_exit                           0x08000287   Thumb Code     0  rtexit2.o(.ARM.Collect$$rtexit$$00000004)
    Reset_Handler                            0x0800028d   Thumb Code     8  startup_stm32f40_41xxx.o(.text)
    CAN1_RX1_IRQHandler                      0x080002a7   Thumb Code     0  startup_stm32f40_41xxx.o(.text)
    CAN1_SCE_IRQHandler                      0x080002a7   Thumb Code     0  startup_stm32f40_41xxx.o(.text)
    CAN2_RX1_IRQHandler                      0x080002a7   Thumb Code     0  startup_stm32f40_41xxx.o(.text)
    CAN2_SCE_IRQHandler                      0x080002a7   Thumb Code     0  startup_stm32f40_41xxx.o(.text)
    CRYP_IRQHandler                          0x080002a7   Thumb Code     0  startup_stm32f40_41xxx.o(.text)
    DCMI_IRQHandler                          0x080002a7   Thumb Code     0  startup_stm32f40_41xxx.o(.text)
    DMA1_Stream0_IRQHandler                  0x080002a7   Thumb Code     0  startup_stm32f40_41xxx.o(.text)
    DMA1_Stream1_IRQHandler                  0x080002a7   Thumb Code     0  startup_stm32f40_41xxx.o(.text)
    DMA1_Stream2_IRQHandler                  0x080002a7   Thumb Code     0  startup_stm32f40_41xxx.o(.text)
    DMA1_Stream3_IRQHandler                  0x080002a7   Thumb Code     0  startup_stm32f40_41xxx.o(.text)
    DMA1_Stream4_IRQHandler                  0x080002a7   Thumb Code     0  startup_stm32f40_41xxx.o(.text)
    DMA1_Stream5_IRQHandler                  0x080002a7   Thumb Code     0  startup_stm32f40_41xxx.o(.text)
    DMA1_Stream6_IRQHandler                  0x080002a7   Thumb Code     0  startup_stm32f40_41xxx.o(.text)
    DMA1_Stream7_IRQHandler                  0x080002a7   Thumb Code     0  startup_stm32f40_41xxx.o(.text)
    DMA2_Stream0_IRQHandler                  0x080002a7   Thumb Code     0  startup_stm32f40_41xxx.o(.text)
    DMA2_Stream1_IRQHandler                  0x080002a7   Thumb Code     0  startup_stm32f40_41xxx.o(.text)
    DMA2_Stream2_IRQHandler                  0x080002a7   Thumb Code     0  startup_stm32f40_41xxx.o(.text)
    DMA2_Stream3_IRQHandler                  0x080002a7   Thumb Code     0  startup_stm32f40_41xxx.o(.text)
    DMA2_Stream4_IRQHandler                  0x080002a7   Thumb Code     0  startup_stm32f40_41xxx.o(.text)
    DMA2_Stream5_IRQHandler                  0x080002a7   Thumb Code     0  startup_stm32f40_41xxx.o(.text)
    DMA2_Stream6_IRQHandler                  0x080002a7   Thumb Code     0  startup_stm32f40_41xxx.o(.text)
    DMA2_Stream7_IRQHandler                  0x080002a7   Thumb Code     0  startup_stm32f40_41xxx.o(.text)
    ETH_IRQHandler                           0x080002a7   Thumb Code     0  startup_stm32f40_41xxx.o(.text)
    ETH_WKUP_IRQHandler                      0x080002a7   Thumb Code     0  startup_stm32f40_41xxx.o(.text)
    EXTI0_IRQHandler                         0x080002a7   Thumb Code     0  startup_stm32f40_41xxx.o(.text)
    EXTI15_10_IRQHandler                     0x080002a7   Thumb Code     0  startup_stm32f40_41xxx.o(.text)
    EXTI1_IRQHandler                         0x080002a7   Thumb Code     0  startup_stm32f40_41xxx.o(.text)
    EXTI2_IRQHandler                         0x080002a7   Thumb Code     0  startup_stm32f40_41xxx.o(.text)
    EXTI3_IRQHandler                         0x080002a7   Thumb Code     0  startup_stm32f40_41xxx.o(.text)
    EXTI4_IRQHandler                         0x080002a7   Thumb Code     0  startup_stm32f40_41xxx.o(.text)
    EXTI9_5_IRQHandler                       0x080002a7   Thumb Code     0  startup_stm32f40_41xxx.o(.text)
    FLASH_IRQHandler                         0x080002a7   Thumb Code     0  startup_stm32f40_41xxx.o(.text)
    FPU_IRQHandler                           0x080002a7   Thumb Code     0  startup_stm32f40_41xxx.o(.text)
    FSMC_IRQHandler                          0x080002a7   Thumb Code     0  startup_stm32f40_41xxx.o(.text)
    HASH_RNG_IRQHandler                      0x080002a7   Thumb Code     0  startup_stm32f40_41xxx.o(.text)
    I2C1_ER_IRQHandler                       0x080002a7   Thumb Code     0  startup_stm32f40_41xxx.o(.text)
    I2C1_EV_IRQHandler                       0x080002a7   Thumb Code     0  startup_stm32f40_41xxx.o(.text)
    I2C2_ER_IRQHandler                       0x080002a7   Thumb Code     0  startup_stm32f40_41xxx.o(.text)
    I2C2_EV_IRQHandler                       0x080002a7   Thumb Code     0  startup_stm32f40_41xxx.o(.text)
    I2C3_ER_IRQHandler                       0x080002a7   Thumb Code     0  startup_stm32f40_41xxx.o(.text)
    I2C3_EV_IRQHandler                       0x080002a7   Thumb Code     0  startup_stm32f40_41xxx.o(.text)
    OTG_FS_IRQHandler                        0x080002a7   Thumb Code     0  startup_stm32f40_41xxx.o(.text)
    OTG_FS_WKUP_IRQHandler                   0x080002a7   Thumb Code     0  startup_stm32f40_41xxx.o(.text)
    OTG_HS_EP1_IN_IRQHandler                 0x080002a7   Thumb Code     0  startup_stm32f40_41xxx.o(.text)
    OTG_HS_EP1_OUT_IRQHandler                0x080002a7   Thumb Code     0  startup_stm32f40_41xxx.o(.text)
    OTG_HS_IRQHandler                        0x080002a7   Thumb Code     0  startup_stm32f40_41xxx.o(.text)
    OTG_HS_WKUP_IRQHandler                   0x080002a7   Thumb Code     0  startup_stm32f40_41xxx.o(.text)
    PVD_IRQHandler                           0x080002a7   Thumb Code     0  startup_stm32f40_41xxx.o(.text)
    RCC_IRQHandler                           0x080002a7   Thumb Code     0  startup_stm32f40_41xxx.o(.text)
    RTC_Alarm_IRQHandler                     0x080002a7   Thumb Code     0  startup_stm32f40_41xxx.o(.text)
    RTC_WKUP_IRQHandler                      0x080002a7   Thumb Code     0  startup_stm32f40_41xxx.o(.text)
    SDIO_IRQHandler                          0x080002a7   Thumb Code     0  startup_stm32f40_41xxx.o(.text)
    SPI1_IRQHandler                          0x080002a7   Thumb Code     0  startup_stm32f40_41xxx.o(.text)
    SPI2_IRQHandler                          0x080002a7   Thumb Code     0  startup_stm32f40_41xxx.o(.text)
    SPI3_IRQHandler                          0x080002a7   Thumb Code     0  startup_stm32f40_41xxx.o(.text)
    TAMP_STAMP_IRQHandler                    0x080002a7   Thumb Code     0  startup_stm32f40_41xxx.o(.text)
    TIM1_BRK_TIM9_IRQHandler                 0x080002a7   Thumb Code     0  startup_stm32f40_41xxx.o(.text)
    TIM1_CC_IRQHandler                       0x080002a7   Thumb Code     0  startup_stm32f40_41xxx.o(.text)
    TIM1_TRG_COM_TIM11_IRQHandler            0x080002a7   Thumb Code     0  startup_stm32f40_41xxx.o(.text)
    TIM1_UP_TIM10_IRQHandler                 0x080002a7   Thumb Code     0  startup_stm32f40_41xxx.o(.text)
    TIM2_IRQHandler                          0x080002a7   Thumb Code     0  startup_stm32f40_41xxx.o(.text)
    TIM3_IRQHandler                          0x080002a7   Thumb Code     0  startup_stm32f40_41xxx.o(.text)
    TIM4_IRQHandler                          0x080002a7   Thumb Code     0  startup_stm32f40_41xxx.o(.text)
    TIM5_IRQHandler                          0x080002a7   Thumb Code     0  startup_stm32f40_41xxx.o(.text)
    TIM6_DAC_IRQHandler                      0x080002a7   Thumb Code     0  startup_stm32f40_41xxx.o(.text)
    TIM7_IRQHandler                          0x080002a7   Thumb Code     0  startup_stm32f40_41xxx.o(.text)
    TIM8_BRK_TIM12_IRQHandler                0x080002a7   Thumb Code     0  startup_stm32f40_41xxx.o(.text)
    TIM8_CC_IRQHandler                       0x080002a7   Thumb Code     0  startup_stm32f40_41xxx.o(.text)
    TIM8_TRG_COM_TIM14_IRQHandler            0x080002a7   Thumb Code     0  startup_stm32f40_41xxx.o(.text)
    TIM8_UP_TIM13_IRQHandler                 0x080002a7   Thumb Code     0  startup_stm32f40_41xxx.o(.text)
    UART5_IRQHandler                         0x080002a7   Thumb Code     0  startup_stm32f40_41xxx.o(.text)
    WWDG_IRQHandler                          0x080002a7   Thumb Code     0  startup_stm32f40_41xxx.o(.text)
    __user_initial_stackheap                 0x080002a9   Thumb Code     0  startup_stm32f40_41xxx.o(.text)
    OS_CPU_SR_Save                           0x080002cd   Thumb Code     0  os_cpu_a.o(.text)
    OS_CPU_SR_Restore                        0x080002d5   Thumb Code     0  os_cpu_a.o(.text)
    OSStartHighRdy                           0x080002db   Thumb Code     0  os_cpu_a.o(.text)
    OSCtxSw                                  0x080002ff   Thumb Code     0  os_cpu_a.o(.text)
    OSIntCtxSw                               0x0800030d   Thumb Code     0  os_cpu_a.o(.text)
    PendSV_Handler                           0x0800031d   Thumb Code     0  os_cpu_a.o(.text)
    __use_no_semihosting                     0x08000395   Thumb Code     2  use_no_semi_2.o(.text)
    __2printf                                0x08000399   Thumb Code    20  noretval__2printf.o(.text)
    __printf                                 0x080003b1   Thumb Code   104  __printf.o(.text)
    _printf_str                              0x08000419   Thumb Code    82  _printf_str.o(.text)
    _printf_int_dec                          0x0800046d   Thumb Code   104  _printf_dec.o(.text)
    __use_two_region_memory                  0x080004e5   Thumb Code     2  heapauxi.o(.text)
    __rt_heap_escrow$2region                 0x080004e7   Thumb Code     2  heapauxi.o(.text)
    __rt_heap_expand$2region                 0x080004e9   Thumb Code     2  heapauxi.o(.text)
    __I$use$semihosting                      0x080004eb   Thumb Code     0  use_no_semi.o(.text)
    __use_no_semihosting_swi                 0x080004eb   Thumb Code     2  use_no_semi.o(.text)
    __read_errno                             0x080004ed   Thumb Code    10  _rserrno.o(.text)
    __set_errno                              0x080004f7   Thumb Code    12  _rserrno.o(.text)
    _printf_int_common                       0x08000503   Thumb Code   178  _printf_intcommon.o(.text)
    __lib_sel_fp_printf                      0x080005b5   Thumb Code     2  _printf_fp_dec.o(.text)
    _printf_fp_dec_real                      0x08000763   Thumb Code   620  _printf_fp_dec.o(.text)
    _printf_cs_common                        0x080009cf   Thumb Code    20  _printf_char.o(.text)
    _printf_char                             0x080009e3   Thumb Code    16  _printf_char.o(.text)
    _printf_string                           0x080009f3   Thumb Code     8  _printf_char.o(.text)
    _printf_char_file                        0x080009fd   Thumb Code    32  _printf_char_file.o(.text)
    __rt_locale                              0x08000a21   Thumb Code     8  rt_locale_intlibspace.o(.text)
    __aeabi_errno_addr                       0x08000a29   Thumb Code     8  rt_errno_addr_intlibspace.o(.text)
    __errno$intlibspace                      0x08000a29   Thumb Code     0  rt_errno_addr_intlibspace.o(.text)
    __rt_errno_addr$intlibspace              0x08000a29   Thumb Code     0  rt_errno_addr_intlibspace.o(.text)
    _ll_udiv10                               0x08000a31   Thumb Code   138  lludiv10.o(.text)
    _printf_char_common                      0x08000ac7   Thumb Code    32  _printf_char_common.o(.text)
    _printf_fp_infnan                        0x08000aed   Thumb Code   112  _printf_fp_infnan.o(.text)
    _btod_etento                             0x08000b6d   Thumb Code   216  bigflt0.o(.text)
    ferror                                   0x08000c49   Thumb Code     8  ferror.o(.text)
    __user_libspace                          0x08000c51   Thumb Code     8  libspace.o(.text)
    __user_perproc_libspace                  0x08000c51   Thumb Code     0  libspace.o(.text)
    __user_perthread_libspace                0x08000c51   Thumb Code     0  libspace.o(.text)
    __user_setup_stackheap                   0x08000c59   Thumb Code    74  sys_stackheap_outer.o(.text)
    exit                                     0x08000ca3   Thumb Code    12  exit.o(.text)
    strcmp                                   0x08000cb1   Thumb Code   128  strcmpv7m.o(.text)
    _btod_d2e                                0x08000d31   Thumb Code    62  btod.o(CL$$btod_d2e)
    _d2e_denorm_low                          0x08000d6f   Thumb Code    70  btod.o(CL$$btod_d2e_denorm_low)
    _d2e_norm_op1                            0x08000db5   Thumb Code    96  btod.o(CL$$btod_d2e_norm_op1)
    __btod_div_common                        0x08000e15   Thumb Code   696  btod.o(CL$$btod_div_common)
    _e2e                                     0x0800114d   Thumb Code   198  btod.o(CL$$btod_e2e)
    _btod_ediv                               0x08001213   Thumb Code    40  btod.o(CL$$btod_ediv)
    _btod_emul                               0x0800123b   Thumb Code    40  btod.o(CL$$btod_emul)
    __btod_mult_common                       0x08001263   Thumb Code   580  btod.o(CL$$btod_mult_common)
    ADC_ClearITPendingBit                    0x080014a7   Thumb Code    10  stm32f4xx_adc.o(i.ADC_ClearITPendingBit)
    ADC_GetITStatus                          0x080014b1   Thumb Code    38  stm32f4xx_adc.o(i.ADC_GetITStatus)
    ADC_IRQHandler                           0x080014d9   Thumb Code    28  adc.o(i.ADC_IRQHandler)
    AK80_update_info                         0x080014f9   Thumb Code   114  ak80.o(i.AK80_update_info)
    ARM_RESET                                0x08001579   Thumb Code    80  task.o(i.ARM_RESET)
    Action_Uart_init                         0x080015e5   Thumb Code   166  usart.o(i.Action_Uart_init)
    AngleLimit                               0x08001695   Thumb Code   116  moving.o(i.AngleLimit)
    BusFault_Handler                         0x08001719   Thumb Code     4  stm32f4xx_it.o(i.BusFault_Handler)
    CAN1_RX0_IRQHandler                      0x0800171d   Thumb Code    48  can1.o(i.CAN1_RX0_IRQHandler)
    CAN1_TX_IRQHandler                       0x08001751   Thumb Code    22  can1.o(i.CAN1_TX_IRQHandler)
    CAN2_RX0_IRQHandler                      0x0800176d   Thumb Code    36  can2.o(i.CAN2_RX0_IRQHandler)
    CAN2_TX_IRQHandler                       0x08001795   Thumb Code    22  can2.o(i.CAN2_TX_IRQHandler)
    CAN_ClearITPendingBit                    0x080017b1   Thumb Code   162  stm32f4xx_can.o(i.CAN_ClearITPendingBit)
    CAN_DeInit                               0x08001859   Thumb Code    50  stm32f4xx_can.o(i.CAN_DeInit)
    CAN_FilterInit                           0x080018ad   Thumb Code   258  stm32f4xx_can.o(i.CAN_FilterInit)
    CAN_GetITStatus                          0x080019b5   Thumb Code   284  stm32f4xx_can.o(i.CAN_GetITStatus)
    CAN_ITConfig                             0x08001ad5   Thumb Code    18  stm32f4xx_can.o(i.CAN_ITConfig)
    CAN_Init                                 0x08001ae7   Thumb Code   276  stm32f4xx_can.o(i.CAN_Init)
    CAN_Receive                              0x08001bfb   Thumb Code   240  stm32f4xx_can.o(i.CAN_Receive)
    CAN_StructInit                           0x08001ceb   Thumb Code    32  stm32f4xx_can.o(i.CAN_StructInit)
    CAN_Transmit                             0x08001d0b   Thumb Code   294  stm32f4xx_can.o(i.CAN_Transmit)
    DebugMon_Handler                         0x08001e43   Thumb Code     2  stm32f4xx_it.o(i.DebugMon_Handler)
    Debug_by_UART                            0x08001e45   Thumb Code    10  debug.o(i.Debug_by_UART)
    FSM_RUN                                  0x08001e51   Thumb Code  2172  robot.o(i.FSM_RUN)
    GET_GPIO_KEY                             0x080026d9   Thumb Code   146  gpio.o(i.GET_GPIO_KEY)
    GPIO_Init                                0x08002771   Thumb Code   144  stm32f4xx_gpio.o(i.GPIO_Init)
    GPIO_PinAFConfig                         0x08002801   Thumb Code    70  stm32f4xx_gpio.o(i.GPIO_PinAFConfig)
    GPIO_ResetBits                           0x08002847   Thumb Code     4  stm32f4xx_gpio.o(i.GPIO_ResetBits)
    GPIO_SetBits                             0x0800284b   Thumb Code     4  stm32f4xx_gpio.o(i.GPIO_SetBits)
    Get_GPIO_limit                           0x08002851   Thumb Code   176  gpio.o(i.Get_GPIO_limit)
    Get_KEY                                  0x0800290d   Thumb Code    10  information.o(i.Get_KEY)
    Get_OSTime                               0x0800291d   Thumb Code    36  delay.o(i.Get_OSTime)
    Get_limit                                0x08002949   Thumb Code    12  information.o(i.Get_limit)
    HardFault_Handler                        0x08002959   Thumb Code     4  stm32f4xx_it.o(i.HardFault_Handler)
    KICK_control                             0x0800295d   Thumb Code   266  task.o(i.KICK_control)
    Key_GPIO_Init                            0x08002a99   Thumb Code    44  gpio.o(i.Key_GPIO_Init)
    Launch_Motor_init                        0x08002ac9   Thumb Code   184  time.o(i.Launch_Motor_init)
    Location_init                            0x08002b89   Thumb Code    60  global_location.o(i.Location_init)
    M2006_turnplate_motion_control           0x08002bd5   Thumb Code    62  m3508_drive.o(i.M2006_turnplate_motion_control)
    M3508_arm_motor_motion_control           0x08002c21   Thumb Code    98  m3508_drive.o(i.M3508_arm_motor_motion_control)
    MemManage_Handler                        0x08002c95   Thumb Code     4  stm32f4xx_it.o(i.MemManage_Handler)
    Motor_motion_control                     0x08002c99   Thumb Code    30  m3508_drive.o(i.Motor_motion_control)
    NMI_Handler                              0x08002cb7   Thumb Code     2  stm32f4xx_it.o(i.NMI_Handler)
    NVIC_Init                                0x08002cb9   Thumb Code   106  misc.o(i.NVIC_Init)
    NVIC_PriorityGroupConfig                 0x08002d31   Thumb Code    10  misc.o(i.NVIC_PriorityGroupConfig)
    OSInit                                   0x08002d45   Thumb Code    44  os_core.o(i.OSInit)
    OSInitHookBegin                          0x08002d71   Thumb Code     2  os_cpu_c.o(i.OSInitHookBegin)
    OSInitHookEnd                            0x08002d73   Thumb Code     2  os_cpu_c.o(i.OSInitHookEnd)
    OSIntEnter                               0x08002d75   Thumb Code    28  os_core.o(i.OSIntEnter)
    OSIntExit                                0x08002d99   Thumb Code   112  os_core.o(i.OSIntExit)
    OSSchedLock                              0x08002e29   Thumb Code    50  os_core.o(i.OSSchedLock)
    OSSchedUnlock                            0x08002e69   Thumb Code    82  os_core.o(i.OSSchedUnlock)
    OSStart                                  0x08002ec9   Thumb Code    48  os_core.o(i.OSStart)
    OSTCBInitHook                            0x08002f11   Thumb Code     2  os_cpu_c.o(i.OSTCBInitHook)
    OSTaskCreate                             0x08002f15   Thumb Code   148  os_task.o(i.OSTaskCreate)
    OSTaskCreateExt                          0x08002fb5   Thumb Code   170  os_task.o(i.OSTaskCreateExt)
    OSTaskCreateHook                         0x0800306d   Thumb Code     2  os_cpu_c.o(i.OSTaskCreateHook)
    OSTaskDel                                0x08003071   Thumb Code   294  os_task.o(i.OSTaskDel)
    OSTaskDelHook                            0x080031c5   Thumb Code     2  os_cpu_c.o(i.OSTaskDelHook)
    OSTaskIdleHook                           0x080031c7   Thumb Code     2  os_cpu_c.o(i.OSTaskIdleHook)
    OSTaskNameSet                            0x080031c9   Thumb Code    98  os_task.o(i.OSTaskNameSet)
    OSTaskReturnHook                         0x08003239   Thumb Code     2  os_cpu_c.o(i.OSTaskReturnHook)
    OSTaskStatHook                           0x0800323b   Thumb Code     2  os_cpu_c.o(i.OSTaskStatHook)
    OSTaskStkChk                             0x0800323d   Thumb Code   132  os_task.o(i.OSTaskStkChk)
    OSTaskStkInit                            0x080032c9   Thumb Code   426  os_cpu_c.o(i.OSTaskStkInit)
    OSTaskSuspend                            0x08003479   Thumb Code   152  os_task.o(i.OSTaskSuspend)
    OSTaskSwHook                             0x08003521   Thumb Code     2  os_cpu_c.o(i.OSTaskSwHook)
    OSTimeDly                                0x08003525   Thumb Code   100  os_time.o(i.OSTimeDly)
    OSTimeDlyHMSM                            0x0800359d   Thumb Code    86  os_time.o(i.OSTimeDlyHMSM)
    OSTimeGet                                0x080035fd   Thumb Code    24  os_time.o(i.OSTimeGet)
    OSTimeTick                               0x08003619   Thumb Code   210  os_core.o(i.OSTimeTick)
    OSTimeTickHook                           0x08003705   Thumb Code     2  os_cpu_c.o(i.OSTimeTickHook)
    OS_Dummy                                 0x08003707   Thumb Code     2  os_core.o(i.OS_Dummy)
    OS_EventTaskRemove                       0x08003709   Thumb Code    42  os_core.o(i.OS_EventTaskRemove)
    OS_FlagInit                              0x08003735   Thumb Code    74  os_flag.o(i.OS_FlagInit)
    OS_FlagUnlink                            0x0800378d   Thumb Code    36  os_flag.o(i.OS_FlagUnlink)
    OS_MemClr                                0x080039bd   Thumb Code    18  os_core.o(i.OS_MemClr)
    OS_QInit                                 0x080039d1   Thumb Code    72  os_q.o(i.OS_QInit)
    OS_Sched                                 0x08003a21   Thumb Code    88  os_core.o(i.OS_Sched)
    OS_TCBInit                               0x08003ac1   Thumb Code   278  os_core.o(i.OS_TCBInit)
    OS_TaskIdle                              0x08003bf5   Thumb Code    34  os_core.o(i.OS_TaskIdle)
    OS_TaskReturn                            0x08003c1d   Thumb Code    18  os_task.o(i.OS_TaskReturn)
    OS_TaskStat                              0x08003c35   Thumb Code   116  os_core.o(i.OS_TaskStat)
    OS_TaskStatStkChk                        0x08003cbd   Thumb Code    54  os_core.o(i.OS_TaskStatStkChk)
    OS_TaskStkClr                            0x08003cf9   Thumb Code    26  os_task.o(i.OS_TaskStkClr)
    Odrive_Control_pos1                      0x08003d15   Thumb Code   318  a80.o(i.Odrive_Control_pos1)
    PID_abs_limit                            0x08003e61   Thumb Code    38  pid.o(i.PID_abs_limit)
    PID_incremental_PID_calculation          0x08003e89   Thumb Code   246  pid.o(i.PID_incremental_PID_calculation)
    PID_parameter_init                       0x08003f85   Thumb Code    64  pid.o(i.PID_parameter_init)
    PID_position_PID_calculation_by_error    0x08003fc9   Thumb Code   240  pid.o(i.PID_position_PID_calculation_by_error)
    PS2_AnologData                           0x080040bd   Thumb Code     8  pstwo.o(i.PS2_AnologData)
    PS2_ClearData                            0x080040c9   Thumb Code    20  pstwo.o(i.PS2_ClearData)
    PS2_Cmd                                  0x080040e1   Thumb Code   130  pstwo.o(i.PS2_Cmd)
    PS2_DataKey                              0x08004171   Thumb Code    70  pstwo.o(i.PS2_DataKey)
    PS2_EnterConfing                         0x080041c5   Thumb Code    84  pstwo.o(i.PS2_EnterConfing)
    PS2_ExitConfing                          0x08004221   Thumb Code    84  pstwo.o(i.PS2_ExitConfing)
    PS2_ReadData                             0x0800427d   Thumb Code   164  pstwo.o(i.PS2_ReadData)
    PS2_SetInit                              0x08004331   Thumb Code    28  pstwo.o(i.PS2_SetInit)
    PS2_ShortPoll                            0x0800434d   Thumb Code    60  pstwo.o(i.PS2_ShortPoll)
    PS2_TurnOnAnalogMode                     0x08004391   Thumb Code    78  pstwo.o(i.PS2_TurnOnAnalogMode)
    PS2_init                                 0x080043e9   Thumb Code    90  pstwo.o(i.PS2_init)
    PS2_update_ps2_command                   0x08004449   Thumb Code    52  pstwo.o(i.PS2_update_ps2_command)
    Pathplan                                 0x08004491   Thumb Code   940  moving.o(i.Pathplan)
    RCC_AHB1PeriphClockCmd                   0x08004871   Thumb Code    26  stm32f4xx_rcc.o(i.RCC_AHB1PeriphClockCmd)
    RCC_APB1PeriphClockCmd                   0x08004891   Thumb Code    26  stm32f4xx_rcc.o(i.RCC_APB1PeriphClockCmd)
    RCC_APB1PeriphResetCmd                   0x080048b1   Thumb Code    26  stm32f4xx_rcc.o(i.RCC_APB1PeriphResetCmd)
    RCC_APB2PeriphClockCmd                   0x080048d1   Thumb Code    26  stm32f4xx_rcc.o(i.RCC_APB2PeriphClockCmd)
    RCC_GetClocksFreq                        0x080048f1   Thumb Code   214  stm32f4xx_rcc.o(i.RCC_GetClocksFreq)
    Read_GPIO                                0x080049d9   Thumb Code    20  information.o(i.Read_GPIO)
    Read_Gyro                                0x080049f1   Thumb Code   142  information.o(i.Read_Gyro)
    Read_V_real                              0x08004a9d   Thumb Code    86  information.o(i.Read_V_real)
    SVC_Handler                              0x08004b05   Thumb Code     2  stm32f4xx_it.o(i.SVC_Handler)
    Sensor_Update                            0x08004b07   Thumb Code    68  information.o(i.Sensor_Update)
    SysTick_CLKSourceConfig                  0x08004c39   Thumb Code    40  misc.o(i.SysTick_CLKSourceConfig)
    SysTick_Handler                          0x08004c61   Thumb Code    24  delay.o(i.SysTick_Handler)
    SystemInit                               0x08004c7d   Thumb Code    88  system_stm32f4xx.o(i.SystemInit)
    TIM9_PWM_Init                            0x08004ce5   Thumb Code   160  time.o(i.TIM9_PWM_Init)
    TIM_ARRPreloadConfig                     0x08004d8d   Thumb Code    24  stm32f4xx_tim.o(i.TIM_ARRPreloadConfig)
    TIM_Cmd                                  0x08004da5   Thumb Code    24  stm32f4xx_tim.o(i.TIM_Cmd)
    TIM_OC1Init                              0x08004dbd   Thumb Code   114  stm32f4xx_tim.o(i.TIM_OC1Init)
    TIM_OC1PreloadConfig                     0x08004e39   Thumb Code    18  stm32f4xx_tim.o(i.TIM_OC1PreloadConfig)
    TIM_OC2Init                              0x08004e4d   Thumb Code   154  stm32f4xx_tim.o(i.TIM_OC2Init)
    TIM_OC2PreloadConfig                     0x08004ef1   Thumb Code    26  stm32f4xx_tim.o(i.TIM_OC2PreloadConfig)
    TIM_TimeBaseInit                         0x08004f0d   Thumb Code   104  stm32f4xx_tim.o(i.TIM_TimeBaseInit)
    TURNPLATE_adjusting                      0x08004f91   Thumb Code    62  task.o(i.TURNPLATE_adjusting)
    UART4_IRQHandler                         0x08004fe1   Thumb Code    46  gyro.o(i.UART4_IRQHandler)
    USART1_IRQHandler                        0x08005019   Thumb Code   130  usart.o(i.USART1_IRQHandler)
    USART2_IRQHandler                        0x080050a9   Thumb Code   124  usart.o(i.USART2_IRQHandler)
    USART3_IRQHandler                        0x08005145   Thumb Code   232  global_location.o(i.USART3_IRQHandler)
    USART6_IRQHandler                        0x08005241   Thumb Code   124  usart.o(i.USART6_IRQHandler)
    USART_ClearFlag                          0x080052dd   Thumb Code    18  stm32f4xx_usart.o(i.USART_ClearFlag)
    USART_ClearITPendingBit                  0x080052ef   Thumb Code    30  stm32f4xx_usart.o(i.USART_ClearITPendingBit)
    USART_Cmd                                0x0800530d   Thumb Code    24  stm32f4xx_usart.o(i.USART_Cmd)
    USART_GetITStatus                        0x08005325   Thumb Code    84  stm32f4xx_usart.o(i.USART_GetITStatus)
    USART_ITConfig                           0x08005379   Thumb Code    74  stm32f4xx_usart.o(i.USART_ITConfig)
    USART_Init                               0x080053c5   Thumb Code   204  stm32f4xx_usart.o(i.USART_Init)
    USART_ReceiveData                        0x08005499   Thumb Code    10  stm32f4xx_usart.o(i.USART_ReceiveData)
    Update_Action_gl_position                0x080054a5   Thumb Code   170  global_location.o(i.Update_Action_gl_position)
    UsageFault_Handler                       0x0800555d   Thumb Code     4  stm32f4xx_it.o(i.UsageFault_Handler)
    World_4wheels                            0x08005561   Thumb Code  1144  chassis_driver.o(i.World_4wheels)
    __ARM_fpclassify                         0x080059dd   Thumb Code    48  fpclassify.o(i.__ARM_fpclassify)
    __hardfp_cos                             0x08005a11   Thumb Code   180  cos.o(i.__hardfp_cos)
    __hardfp_sin                             0x08005ad9   Thumb Code   180  sin.o(i.__hardfp_sin)
    __hardfp_sqrt                            0x08005ba1   Thumb Code   122  sqrt.o(i.__hardfp_sqrt)
    __ieee754_rem_pio2                       0x08005c21   Thumb Code   938  rred.o(i.__ieee754_rem_pio2)
    __kernel_cos                             0x08006059   Thumb Code   322  cos_i.o(i.__kernel_cos)
    __kernel_poly                            0x080061c9   Thumb Code   248  poly.o(i.__kernel_poly)
    __kernel_sin                             0x080062c1   Thumb Code   280  sin_i.o(i.__kernel_sin)
    __mathlib_dbl_infnan                     0x080063f1   Thumb Code    20  dunder.o(i.__mathlib_dbl_infnan)
    __mathlib_dbl_invalid                    0x08006409   Thumb Code    24  dunder.o(i.__mathlib_dbl_invalid)
    __mathlib_dbl_underflow                  0x08006429   Thumb Code    24  dunder.o(i.__mathlib_dbl_underflow)
    _sys_exit                                0x08006449   Thumb Code     4  usart.o(i._sys_exit)
    ad_plan_arm_motor_RPM                    0x0800644d   Thumb Code   762  m3508_drive.o(i.ad_plan_arm_motor_RPM)
    beep_GPIO_init                           0x0800674d   Thumb Code    52  gpio.o(i.beep_GPIO_init)
    bsp_init                                 0x08006785   Thumb Code   122  bsp.o(i.bsp_init)
    can1_CAN1_init                           0x08006801   Thumb Code   264  can1.o(i.can1_CAN1_init)
    can2_CAN2_init                           0x08006911   Thumb Code   278  can2.o(i.can2_CAN2_init)
    cd_velocity_adjust                       0x08006a31   Thumb Code   272  chassis_driver.o(i.cd_velocity_adjust)
    cs_GPIO_init                             0x08006b55   Thumb Code   120  gpio.o(i.cs_GPIO_init)
    cylinder_GPIO_init                       0x08006bd9   Thumb Code    60  gpio.o(i.cylinder_GPIO_init)
    cylinder_off                             0x08006c19   Thumb Code    98  gpio.o(i.cylinder_off)
    cylinder_on                              0x08006c81   Thumb Code    98  gpio.o(i.cylinder_on)
    delay_init                               0x08006ce9   Thumb Code    76  delay.o(i.delay_init)
    delay_ms                                 0x08006d3d   Thumb Code    66  delay.o(i.delay_ms)
    delay_osschedlock                        0x08006d8d   Thumb Code     8  delay.o(i.delay_osschedlock)
    delay_osschedunlock                      0x08006d95   Thumb Code     8  delay.o(i.delay_osschedunlock)
    delay_ostimedly                          0x08006d9d   Thumb Code    12  delay.o(i.delay_ostimedly)
    delay_us                                 0x08006da9   Thumb Code    84  delay.o(i.delay_us)
    fabs                                     0x08006e01   Thumb Code    24  fabs.o(i.fabs)
    fputc                                    0x08006e19   Thumb Code    22  usart.o(i.fputc)
    gyro_UART4_init                          0x08006e35   Thumb Code   172  gyro.o(i.gyro_UART4_init)
    gyro_processing_gyro_data                0x08006ee9   Thumb Code    76  gyro.o(i.gyro_processing_gyro_data)
    ls_GPIO_init                             0x08006f41   Thumb Code   122  gpio.o(i.ls_GPIO_init)
    m2006_TURN_MOTOR_angle_integral          0x08006fc9   Thumb Code   344  m3508.o(i.m2006_TURN_MOTOR_angle_integral)
    m2006_send_motor_currents                0x08007135   Thumb Code   104  m3508.o(i.m2006_send_motor_currents)
    m3508_ARM_angle_integral                 0x080071a5   Thumb Code   344  m3508.o(i.m3508_ARM_angle_integral)
    m3508_motor_init                         0x08007311   Thumb Code   250  m3508.o(i.m3508_motor_init)
    m3508_send_motor_currents                0x08007441   Thumb Code    74  m3508.o(i.m3508_send_motor_currents)
    m3508_update_m3508_info                  0x08007499   Thumb Code   344  m3508.o(i.m3508_update_m3508_info)
    main                                     0x08007601   Thumb Code    26  main.o(i.main)
    moving_init                              0x08007625   Thumb Code    64  moving.o(i.moving_init)
    moving_point_track                       0x08007681   Thumb Code   176  moving.o(i.moving_point_track)
    moving_task                              0x0800773d   Thumb Code   926  moving.o(i.moving_task)
    moving_yaw_adjusting                     0x08007b39   Thumb Code   182  moving.o(i.moving_yaw_adjusting)
    pass_ball_task                           0x08007c05   Thumb Code    18  task.o(i.pass_ball_task)
    point_follow                             0x08007c19   Thumb Code   832  moving.o(i.point_follow)
    romote_action_task                       0x08007f69   Thumb Code   148  task.o(i.romote_action_task)
    shoot_ball_task                          0x08008011   Thumb Code  1102  task.o(i.shoot_ball_task)
    start_task                               0x08008475   Thumb Code   116  task.o(i.start_task)
    uart_init                                0x08008521   Thumb Code   164  usart.o(i.uart_init)
    uint_to_float                            0x080085cd   Thumb Code    52  ak80.o(i.uint_to_float)
    _get_lc_numeric                          0x08008601   Thumb Code    44  lc_numeric_c.o(locale$$code)
    __aeabi_dneg                             0x0800862d   Thumb Code     0  basic.o(x$fpl$basic)
    _dneg                                    0x0800862d   Thumb Code     6  basic.o(x$fpl$basic)
    __aeabi_fneg                             0x08008633   Thumb Code     0  basic.o(x$fpl$basic)
    _fneg                                    0x08008633   Thumb Code     6  basic.o(x$fpl$basic)
    _dabs                                    0x08008639   Thumb Code     6  basic.o(x$fpl$basic)
    _fabs                                    0x0800863f   Thumb Code     6  basic.o(x$fpl$basic)
    __aeabi_d2f                              0x08008645   Thumb Code     0  d2f.o(x$fpl$d2f)
    _d2f                                     0x08008645   Thumb Code    98  d2f.o(x$fpl$d2f)
    __aeabi_dadd                             0x080086a9   Thumb Code     0  daddsub_clz.o(x$fpl$dadd)
    _dadd                                    0x080086a9   Thumb Code   332  daddsub_clz.o(x$fpl$dadd)
    __fpl_dcmp_Inf                           0x080087f9   Thumb Code    24  dcmpi.o(x$fpl$dcmpinf)
    __aeabi_ddiv                             0x08008811   Thumb Code     0  ddiv.o(x$fpl$ddiv)
    _ddiv                                    0x08008811   Thumb Code   552  ddiv.o(x$fpl$ddiv)
    __aeabi_d2iz                             0x08008ac1   Thumb Code     0  dfix.o(x$fpl$dfix)
    _dfix                                    0x08008ac1   Thumb Code    94  dfix.o(x$fpl$dfix)
    __aeabi_i2d                              0x08008b1f   Thumb Code     0  dflt_clz.o(x$fpl$dflt)
    _dflt                                    0x08008b1f   Thumb Code    46  dflt_clz.o(x$fpl$dflt)
    __aeabi_ui2d                             0x08008b4d   Thumb Code     0  dflt_clz.o(x$fpl$dfltu)
    _dfltu                                   0x08008b4d   Thumb Code    38  dflt_clz.o(x$fpl$dfltu)
    __aeabi_cdcmple                          0x08008b75   Thumb Code     0  dleqf.o(x$fpl$dleqf)
    _dcmple                                  0x08008b75   Thumb Code   120  dleqf.o(x$fpl$dleqf)
    __fpl_dcmple_InfNaN                      0x08008bd7   Thumb Code     0  dleqf.o(x$fpl$dleqf)
    __aeabi_dmul                             0x08008bed   Thumb Code     0  dmul.o(x$fpl$dmul)
    _dmul                                    0x08008bed   Thumb Code   332  dmul.o(x$fpl$dmul)
    __fpl_dnaninf                            0x08008d41   Thumb Code   156  dnaninf.o(x$fpl$dnaninf)
    __fpl_dretinf                            0x08008ddd   Thumb Code    12  dretinf.o(x$fpl$dretinf)
    __aeabi_cdrcmple                         0x08008de9   Thumb Code     0  drleqf.o(x$fpl$drleqf)
    _drcmple                                 0x08008de9   Thumb Code   108  drleqf.o(x$fpl$drleqf)
    __aeabi_drsub                            0x08008e55   Thumb Code     0  daddsub_clz.o(x$fpl$drsb)
    _drsb                                    0x08008e55   Thumb Code    22  daddsub_clz.o(x$fpl$drsb)
    _dsqrt                                   0x08008e6d   Thumb Code   404  dsqrt_umaal.o(x$fpl$dsqrt)
    __aeabi_dsub                             0x08009005   Thumb Code     0  daddsub_clz.o(x$fpl$dsub)
    _dsub                                    0x08009005   Thumb Code   464  daddsub_clz.o(x$fpl$dsub)
    __aeabi_f2d                              0x080091d9   Thumb Code     0  f2d.o(x$fpl$f2d)
    _f2d                                     0x080091d9   Thumb Code    86  f2d.o(x$fpl$f2d)
    __fpl_fnaninf                            0x0800922f   Thumb Code   140  fnaninf.o(x$fpl$fnaninf)
    _fp_init                                 0x080092bb   Thumb Code    10  fpinit.o(x$fpl$fpinit)
    __fplib_config_fpu_vfp                   0x080092c3   Thumb Code     0  fpinit.o(x$fpl$fpinit)
    __fplib_config_pureend_doubles           0x080092c3   Thumb Code     0  fpinit.o(x$fpl$fpinit)
    __fpl_fretinf                            0x080092c5   Thumb Code    10  fretinf.o(x$fpl$fretinf)
    _printf_fp_dec                           0x080092cf   Thumb Code     4  printf1.o(x$fpl$printf1)
    __I$use$fp                               0x080092d2   Number         0  usenofp.o(x$fpl$usenofp)
    OSUnMapTbl                               0x080092e0   Data         256  os_core.o(.constdata)
    Region$$Table$$Base                      0x08009594   Number         0  anon$$obj.o(Region$$Table)
    Region$$Table$$Limit                     0x080095b4   Number         0  anon$$obj.o(Region$$Table)
    ROBOT                                    0x20000000   Data           5  robot.o(.data)
    INIT_POS                                 0x20000008   Data           4  robot.o(.data)
    INIT_X                                   0x2000000c   Data           4  robot.o(.data)
    INIT_Y                                   0x20000010   Data           4  robot.o(.data)
    GYRO_ANGLE                               0x20000014   Data           8  gyro.o(.data)
    ARM_TURN_MOTOR_TARGET_RPM                0x2000001e   Data           2  m3508.o(.data)
    TURN_MOTOR_TARGET_RPM                    0x20000020   Data           2  m3508.o(.data)
    CAN_Time_Out                             0x2000002c   Data           4  a80.o(.data)
    can_tx_success_flag                      0x20000030   Data           1  a80.o(.data)
    __stdout                                 0x2000004c   Data           4  usart.o(.data)
    USART_RX_STA                             0x20000050   Data           2  usart.o(.data)
    Uart6_Rx                                 0x20000054   Data           4  usart.o(.data)
    USART2_Rx                                0x20000058   Data           4  usart.o(.data)
    RES                                      0x2000005c   Data           1  usart.o(.data)
    RES_2                                    0x2000005d   Data           1  usart.o(.data)
    OSCtxSwCtr                               0x20000060   Data           4  os_core.o(.data)
    OSEventFreeList                          0x20000064   Data           4  os_core.o(.data)
    OSFlagFreeList                           0x20000068   Data           4  os_core.o(.data)
    OSCPUUsage                               0x2000006c   Data           1  os_core.o(.data)
    OSIdleCtrMax                             0x20000070   Data           4  os_core.o(.data)
    OSIdleCtrRun                             0x20000074   Data           4  os_core.o(.data)
    OSStatRdy                                0x20000078   Data           1  os_core.o(.data)
    OSIntNesting                             0x20000079   Data           1  os_core.o(.data)
    OSLockNesting                            0x2000007a   Data           1  os_core.o(.data)
    OSPrioCur                                0x2000007b   Data           1  os_core.o(.data)
    OSPrioHighRdy                            0x2000007c   Data           1  os_core.o(.data)
    OSRdyGrp                                 0x2000007d   Data           1  os_core.o(.data)
    OSRdyTbl                                 0x2000007e   Data           8  os_core.o(.data)
    OSRunning                                0x20000086   Data           1  os_core.o(.data)
    OSTaskCtr                                0x20000087   Data           1  os_core.o(.data)
    OSIdleCtr                                0x20000088   Data           4  os_core.o(.data)
    OSTCBCur                                 0x2000008c   Data           4  os_core.o(.data)
    OSTCBFreeList                            0x20000090   Data           4  os_core.o(.data)
    OSTCBHighRdy                             0x20000094   Data           4  os_core.o(.data)
    OSTCBList                                0x20000098   Data           4  os_core.o(.data)
    OSTickStepState                          0x2000009c   Data           1  os_core.o(.data)
    OSQFreeList                              0x200000a0   Data           4  os_core.o(.data)
    OSTime                                   0x200000a4   Data           4  os_core.o(.data)
    OFFSET_YAW                               0x200000a8   Data           4  global_location.o(.data)
    SELF_GL_YAW_INIT_VALUE                   0x200000ac   Data           4  global_location.o(.data)
    PS2_LX                                   0x200000b4   Data           4  pstwo.o(.data)
    PS2_LY                                   0x200000b8   Data           4  pstwo.o(.data)
    PS2_RX                                   0x200000bc   Data           4  pstwo.o(.data)
    PS2_RY                                   0x200000c0   Data           4  pstwo.o(.data)
    PS2_KEY                                  0x200000c4   Data           4  pstwo.o(.data)
    PS2                                      0x200000c8   Data           4  pstwo.o(.data)
    Handkey                                  0x200000cc   Data           2  pstwo.o(.data)
    Comd                                     0x200000ce   Data           2  pstwo.o(.data)
    MASK                                     0x200000d0   Data          32  pstwo.o(.data)
    ARM_NOW_MOTION                           0x200000f0   Data           4  m3508_drive.o(.data)
    ARM_RESET_MOTION                         0x200000f4   Data          28  m3508_drive.o(.data)
    ARM_SHOOT_MOTION                         0x20000110   Data          28  m3508_drive.o(.data)
    ARM_SHOOT_2_MOTION                       0x2000012c   Data          28  m3508_drive.o(.data)
    NOW_PATH                                 0x20000148   Data           4  moving.o(.data)
    Path_Contorl                             0x20000150   Data          24  moving.o(.data)
    YAW_OUTPUTMAX_CONTROLLER                 0x20000168   Data           4  moving.o(.data)
    X                                        0x2000016c   Data          52  moving.o(.data)
    Y                                        0x200001a0   Data          52  moving.o(.data)
    X1                                       0x200001d4   Data          52  moving.o(.data)
    Y1                                       0x20000208   Data          52  moving.o(.data)
    M3508_CHASSIS_MOTOR_REAL_INFO            0x20007b5c   Data          48  m3508.o(.bss)
    M3508_ARM_MOTOR_REAL_INFO                0x20007b8c   Data          12  m3508.o(.bss)
    GM6020_TURN_MOTOR_REAL_INFO              0x20007b98   Data          12  m3508.o(.bss)
    M2006_TURN_MOTOR_REAL_INFO               0x20007ba4   Data          12  m3508.o(.bss)
    M3508_ARM_MOTOR_PID_RPM                  0x20007bb0   Data          56  m3508.o(.bss)
    GM6020_TURN_MOTOR_PID_RPM                0x20007be8   Data          56  m3508.o(.bss)
    M2006_TURN_MOTOR_PID_POS                 0x20007c20   Data          56  m3508.o(.bss)
    M3508_CHASSIS_MOTOR_PID_RPM              0x20007c58   Data         224  m3508.o(.bss)
    M2006_TURN_MOTOR_PID_RPM                 0x20007d38   Data          56  m3508.o(.bss)
    AK80_MOTOR_REAL_INFO                     0x20007d70   Data          28  ak80.o(.bss)
    USART_RX_BUF                             0x20007d8c   Data         200  usart.o(.bss)
    Uart6_Buffer                             0x20007e54   Data          18  usart.o(.bss)
    USART2_Buffer                            0x20007e66   Data          18  usart.o(.bss)
    OSEventTbl                               0x20007e78   Data         200  os_core.o(.bss)
    OSFlagTbl                                0x20007f40   Data          80  os_core.o(.bss)
    OSTaskStatStk                            0x20007f90   Data         512  os_core.o(.bss)
    OSTaskIdleStk                            0x20008190   Data         512  os_core.o(.bss)
    OSTCBPrioTbl                             0x20008390   Data         256  os_core.o(.bss)
    OSTCBTbl                                 0x20008490   Data        1008  os_core.o(.bss)
    OSQTbl                                   0x20008880   Data         120  os_core.o(.bss)
    CHASSIS_MOTOR_RPM_DATA                   0x200088f8   Data          16  chassis_driver.o(.bss)
    ROBOT_TARGET_VELOCITY_DATA               0x20008908   Data          24  chassis_driver.o(.bss)
    ROBOT_REAL_POS_DATA                      0x20008920   Data          12  global_location.o(.bss)
    ACTION_GL_POS_DATA                       0x2000892c   Data          40  global_location.o(.bss)
    Data                                     0x2000896c   Data           9  pstwo.o(.bss)
    ARM_HOLD_MOTION                          0x20008978   Data          28  m3508_drive.o(.bss)
    robot                                    0x20008994   Data          16  moving.o(.bss)
    point_pid                                0x200089a4   Data          56  moving.o(.bss)
    yaw_pid                                  0x200089dc   Data          56  moving.o(.bss)
    Sensor                                   0x20008a14   Data          56  information.o(.bss)
    __libspace_start                         0x20010250   Data          96  libspace.o(.bss)
    __temporary_stack_top$libspace           0x200102b0   Data           0  libspace.o(.bss)



==============================================================================

Memory Map of the image

  Image Entry point : 0x08000189

  Load Region LR_IROM1 (Base: 0x08000000, Size: 0x0000982c, Max: 0x00100000, ABSOLUTE, COMPRESSED[0x00009688])

    Execution Region ER_IROM1 (Base: 0x08000000, Size: 0x000095d0, Max: 0x00100000, ABSOLUTE)

    Base Addr    Size         Type   Attr      Idx    E Section Name        Object

    0x08000000   0x00000188   Data   RO          941    RESET               startup_stm32f40_41xxx.o
    0x08000188   0x00000008   Code   RO         4583  * !!!main             c_w.l(__main.o)
    0x08000190   0x00000034   Code   RO         4939    !!!scatter          c_w.l(__scatter.o)
    0x080001c4   0x0000005a   Code   RO         4937    !!dczerorl2         c_w.l(__dczerorl2.o)
    0x0800021e   0x00000002   PAD
    0x08000220   0x0000001c   Code   RO         4941    !!handler_zi        c_w.l(__scatter_zi.o)
    0x0800023c   0x00000000   Code   RO         4580    .ARM.Collect$$_printf_percent$$00000000  c_w.l(_printf_percent.o)
    0x0800023c   0x00000006   Code   RO         4579    .ARM.Collect$$_printf_percent$$00000003  c_w.l(_printf_f.o)
    0x08000242   0x00000006   Code   RO         4578    .ARM.Collect$$_printf_percent$$00000009  c_w.l(_printf_d.o)
    0x08000248   0x00000006   Code   RO         4577    .ARM.Collect$$_printf_percent$$00000014  c_w.l(_printf_s.o)
    0x0800024e   0x00000004   Code   RO         4674    .ARM.Collect$$_printf_percent$$00000017  c_w.l(_printf_percent_end.o)
    0x08000252   0x00000002   Code   RO         4815    .ARM.Collect$$libinit$$00000000  c_w.l(libinit.o)
    0x08000254   0x00000004   Code   RO         4816    .ARM.Collect$$libinit$$00000001  c_w.l(libinit2.o)
    0x08000258   0x00000000   Code   RO         4819    .ARM.Collect$$libinit$$00000004  c_w.l(libinit2.o)
    0x08000258   0x00000000   Code   RO         4822    .ARM.Collect$$libinit$$0000000A  c_w.l(libinit2.o)
    0x08000258   0x00000000   Code   RO         4824    .ARM.Collect$$libinit$$0000000C  c_w.l(libinit2.o)
    0x08000258   0x00000000   Code   RO         4826    .ARM.Collect$$libinit$$0000000E  c_w.l(libinit2.o)
    0x08000258   0x00000006   Code   RO         4827    .ARM.Collect$$libinit$$0000000F  c_w.l(libinit2.o)
    0x0800025e   0x00000000   Code   RO         4829    .ARM.Collect$$libinit$$00000011  c_w.l(libinit2.o)
    0x0800025e   0x00000000   Code   RO         4831    .ARM.Collect$$libinit$$00000013  c_w.l(libinit2.o)
    0x0800025e   0x00000000   Code   RO         4833    .ARM.Collect$$libinit$$00000015  c_w.l(libinit2.o)
    0x0800025e   0x0000000a   Code   RO         4834    .ARM.Collect$$libinit$$00000016  c_w.l(libinit2.o)
    0x08000268   0x00000000   Code   RO         4835    .ARM.Collect$$libinit$$00000017  c_w.l(libinit2.o)
    0x08000268   0x00000000   Code   RO         4837    .ARM.Collect$$libinit$$00000019  c_w.l(libinit2.o)
    0x08000268   0x00000000   Code   RO         4839    .ARM.Collect$$libinit$$0000001B  c_w.l(libinit2.o)
    0x08000268   0x00000000   Code   RO         4841    .ARM.Collect$$libinit$$0000001D  c_w.l(libinit2.o)
    0x08000268   0x00000000   Code   RO         4843    .ARM.Collect$$libinit$$0000001F  c_w.l(libinit2.o)
    0x08000268   0x00000000   Code   RO         4845    .ARM.Collect$$libinit$$00000021  c_w.l(libinit2.o)
    0x08000268   0x00000000   Code   RO         4847    .ARM.Collect$$libinit$$00000023  c_w.l(libinit2.o)
    0x08000268   0x00000000   Code   RO         4849    .ARM.Collect$$libinit$$00000025  c_w.l(libinit2.o)
    0x08000268   0x00000000   Code   RO         4853    .ARM.Collect$$libinit$$0000002C  c_w.l(libinit2.o)
    0x08000268   0x00000000   Code   RO         4855    .ARM.Collect$$libinit$$0000002E  c_w.l(libinit2.o)
    0x08000268   0x00000000   Code   RO         4857    .ARM.Collect$$libinit$$00000030  c_w.l(libinit2.o)
    0x08000268   0x00000000   Code   RO         4859    .ARM.Collect$$libinit$$00000032  c_w.l(libinit2.o)
    0x08000268   0x00000002   Code   RO         4860    .ARM.Collect$$libinit$$00000033  c_w.l(libinit2.o)
    0x0800026a   0x00000002   Code   RO         4888    .ARM.Collect$$libshutdown$$00000000  c_w.l(libshutdown.o)
    0x0800026c   0x00000000   Code   RO         4898    .ARM.Collect$$libshutdown$$00000003  c_w.l(libshutdown2.o)
    0x0800026c   0x00000000   Code   RO         4901    .ARM.Collect$$libshutdown$$00000006  c_w.l(libshutdown2.o)
    0x0800026c   0x00000000   Code   RO         4904    .ARM.Collect$$libshutdown$$00000009  c_w.l(libshutdown2.o)
    0x0800026c   0x00000000   Code   RO         4906    .ARM.Collect$$libshutdown$$0000000B  c_w.l(libshutdown2.o)
    0x0800026c   0x00000000   Code   RO         4909    .ARM.Collect$$libshutdown$$0000000E  c_w.l(libshutdown2.o)
    0x0800026c   0x00000002   Code   RO         4910    .ARM.Collect$$libshutdown$$0000000F  c_w.l(libshutdown2.o)
    0x0800026e   0x00000000   Code   RO         4663    .ARM.Collect$$rtentry$$00000000  c_w.l(__rtentry.o)
    0x0800026e   0x00000000   Code   RO         4727    .ARM.Collect$$rtentry$$00000002  c_w.l(__rtentry2.o)
    0x0800026e   0x00000006   Code   RO         4739    .ARM.Collect$$rtentry$$00000004  c_w.l(__rtentry4.o)
    0x08000274   0x00000000   Code   RO         4729    .ARM.Collect$$rtentry$$00000009  c_w.l(__rtentry2.o)
    0x08000274   0x00000004   Code   RO         4730    .ARM.Collect$$rtentry$$0000000A  c_w.l(__rtentry2.o)
    0x08000278   0x00000000   Code   RO         4732    .ARM.Collect$$rtentry$$0000000C  c_w.l(__rtentry2.o)
    0x08000278   0x00000008   Code   RO         4733    .ARM.Collect$$rtentry$$0000000D  c_w.l(__rtentry2.o)
    0x08000280   0x00000002   Code   RO         4861    .ARM.Collect$$rtexit$$00000000  c_w.l(rtexit.o)
    0x08000282   0x00000000   Code   RO         4868    .ARM.Collect$$rtexit$$00000002  c_w.l(rtexit2.o)
    0x08000282   0x00000004   Code   RO         4869    .ARM.Collect$$rtexit$$00000003  c_w.l(rtexit2.o)
    0x08000286   0x00000006   Code   RO         4870    .ARM.Collect$$rtexit$$00000004  c_w.l(rtexit2.o)
    0x0800028c   0x00000040   Code   RO          942    .text               startup_stm32f40_41xxx.o
    0x080002cc   0x000000c8   Code   RO         3952    .text               os_cpu_a.o
    0x08000394   0x00000002   Code   RO         4545    .text               c_w.l(use_no_semi_2.o)
    0x08000396   0x00000002   PAD
    0x08000398   0x00000018   Code   RO         4549    .text               c_w.l(noretval__2printf.o)
    0x080003b0   0x00000068   Code   RO         4551    .text               c_w.l(__printf.o)
    0x08000418   0x00000052   Code   RO         4553    .text               c_w.l(_printf_str.o)
    0x0800046a   0x00000002   PAD
    0x0800046c   0x00000078   Code   RO         4555    .text               c_w.l(_printf_dec.o)
    0x080004e4   0x00000006   Code   RO         4581    .text               c_w.l(heapauxi.o)
    0x080004ea   0x00000002   Code   RO         4661    .text               c_w.l(use_no_semi.o)
    0x080004ec   0x00000016   Code   RO         4664    .text               c_w.l(_rserrno.o)
    0x08000502   0x000000b2   Code   RO         4666    .text               c_w.l(_printf_intcommon.o)
    0x080005b4   0x0000041a   Code   RO         4668    .text               c_w.l(_printf_fp_dec.o)
    0x080009ce   0x0000002c   Code   RO         4670    .text               c_w.l(_printf_char.o)
    0x080009fa   0x00000002   PAD
    0x080009fc   0x00000024   Code   RO         4672    .text               c_w.l(_printf_char_file.o)
    0x08000a20   0x00000008   Code   RO         4744    .text               c_w.l(rt_locale_intlibspace.o)
    0x08000a28   0x00000008   Code   RO         4749    .text               c_w.l(rt_errno_addr_intlibspace.o)
    0x08000a30   0x0000008a   Code   RO         4751    .text               c_w.l(lludiv10.o)
    0x08000aba   0x00000002   PAD
    0x08000abc   0x00000030   Code   RO         4753    .text               c_w.l(_printf_char_common.o)
    0x08000aec   0x00000080   Code   RO         4755    .text               c_w.l(_printf_fp_infnan.o)
    0x08000b6c   0x000000dc   Code   RO         4757    .text               c_w.l(bigflt0.o)
    0x08000c48   0x00000008   Code   RO         4782    .text               c_w.l(ferror.o)
    0x08000c50   0x00000008   Code   RO         4799    .text               c_w.l(libspace.o)
    0x08000c58   0x0000004a   Code   RO         4802    .text               c_w.l(sys_stackheap_outer.o)
    0x08000ca2   0x0000000c   Code   RO         4806    .text               c_w.l(exit.o)
    0x08000cae   0x00000002   PAD
    0x08000cb0   0x00000080   Code   RO         4808    .text               c_w.l(strcmpv7m.o)
    0x08000d30   0x0000003e   Code   RO         4760    CL$$btod_d2e        c_w.l(btod.o)
    0x08000d6e   0x00000046   Code   RO         4762    CL$$btod_d2e_denorm_low  c_w.l(btod.o)
    0x08000db4   0x00000060   Code   RO         4761    CL$$btod_d2e_norm_op1  c_w.l(btod.o)
    0x08000e14   0x00000338   Code   RO         4770    CL$$btod_div_common  c_w.l(btod.o)
    0x0800114c   0x000000c6   Code   RO         4767    CL$$btod_e2e        c_w.l(btod.o)
    0x08001212   0x00000028   Code   RO         4764    CL$$btod_ediv       c_w.l(btod.o)
    0x0800123a   0x00000028   Code   RO         4763    CL$$btod_emul       c_w.l(btod.o)
    0x08001262   0x00000244   Code   RO         4769    CL$$btod_mult_common  c_w.l(btod.o)
    0x080014a6   0x0000000a   Code   RO         1836    i.ADC_ClearITPendingBit  stm32f4xx_adc.o
    0x080014b0   0x00000026   Code   RO         1851    i.ADC_GetITStatus   stm32f4xx_adc.o
    0x080014d6   0x00000002   PAD
    0x080014d8   0x00000020   Code   RO          432    i.ADC_IRQHandler    adc.o
    0x080014f8   0x00000080   Code   RO          812    i.AK80_update_info  ak80.o
    0x08001578   0x0000006c   Code   RO         4460    i.ARM_RESET         task.o
    0x080015e4   0x000000b0   Code   RO         3155    i.Action_Uart_init  usart.o
    0x08001694   0x00000084   Code   RO         4297    i.AngleLimit        moving.o
    0x08001718   0x00000004   Code   RO          264    i.BusFault_Handler  stm32f4xx_it.o
    0x0800171c   0x00000034   Code   RO          464    i.CAN1_RX0_IRQHandler  can1.o
    0x08001750   0x0000001c   Code   RO          465    i.CAN1_TX_IRQHandler  can1.o
    0x0800176c   0x00000028   Code   RO          496    i.CAN2_RX0_IRQHandler  can2.o
    0x08001794   0x0000001c   Code   RO          497    i.CAN2_TX_IRQHandler  can2.o
    0x080017b0   0x000000a8   Code   RO         1670    i.CAN_ClearITPendingBit  stm32f4xx_can.o
    0x08001858   0x00000038   Code   RO         1672    i.CAN_DeInit        stm32f4xx_can.o
    0x08001890   0x0000001a   Code   RO          878    i.CAN_Delay_Us      a80.o
    0x080018aa   0x00000002   PAD
    0x080018ac   0x00000108   Code   RO         1674    i.CAN_FilterInit    stm32f4xx_can.o
    0x080019b4   0x00000120   Code   RO         1676    i.CAN_GetITStatus   stm32f4xx_can.o
    0x08001ad4   0x00000012   Code   RO         1680    i.CAN_ITConfig      stm32f4xx_can.o
    0x08001ae6   0x00000114   Code   RO         1681    i.CAN_Init          stm32f4xx_can.o
    0x08001bfa   0x000000f0   Code   RO         1684    i.CAN_Receive       stm32f4xx_can.o
    0x08001cea   0x00000020   Code   RO         1687    i.CAN_StructInit    stm32f4xx_can.o
    0x08001d0a   0x00000126   Code   RO         1689    i.CAN_Transmit      stm32f4xx_can.o
    0x08001e30   0x00000012   Code   RO         1692    i.CheckITStatus     stm32f4xx_can.o
    0x08001e42   0x00000002   Code   RO          265    i.DebugMon_Handler  stm32f4xx_it.o
    0x08001e44   0x0000000a   Code   RO         4525    i.Debug_by_UART     debug.o
    0x08001e4e   0x00000002   PAD
    0x08001e50   0x00000888   Code   RO          386    i.FSM_RUN           robot.o
    0x080026d8   0x00000098   Code   RO          730    i.GET_GPIO_KEY      gpio.o
    0x08002770   0x00000090   Code   RO          993    i.GPIO_Init         stm32f4xx_gpio.o
    0x08002800   0x00000046   Code   RO          994    i.GPIO_PinAFConfig  stm32f4xx_gpio.o
    0x08002846   0x00000004   Code   RO         1000    i.GPIO_ResetBits    stm32f4xx_gpio.o
    0x0800284a   0x00000004   Code   RO         1001    i.GPIO_SetBits      stm32f4xx_gpio.o
    0x0800284e   0x00000002   PAD
    0x08002850   0x000000bc   Code   RO          731    i.Get_GPIO_limit    gpio.o
    0x0800290c   0x00000010   Code   RO         4392    i.Get_KEY           information.o
    0x0800291c   0x0000002c   Code   RO         3073    i.Get_OSTime        delay.o
    0x08002948   0x00000010   Code   RO         4393    i.Get_limit         information.o
    0x08002958   0x00000004   Code   RO          266    i.HardFault_Handler  stm32f4xx_it.o
    0x0800295c   0x0000013c   Code   RO         4461    i.KICK_control      task.o
    0x08002a98   0x00000030   Code   RO          732    i.Key_GPIO_Init     gpio.o
    0x08002ac8   0x000000c0   Code   RO          686    i.Launch_Motor_init  time.o
    0x08002b88   0x0000004c   Code   RO         4090    i.Location_init     global_location.o
    0x08002bd4   0x0000004c   Code   RO         4241    i.M2006_turnplate_motion_control  m3508_drive.o
    0x08002c20   0x00000074   Code   RO         4242    i.M3508_arm_motor_motion_control  m3508_drive.o
    0x08002c94   0x00000004   Code   RO          267    i.MemManage_Handler  stm32f4xx_it.o
    0x08002c98   0x0000001e   Code   RO         4243    i.Motor_motion_control  m3508_drive.o
    0x08002cb6   0x00000002   Code   RO          268    i.NMI_Handler       stm32f4xx_it.o
    0x08002cb8   0x00000078   Code   RO          948    i.NVIC_Init         misc.o
    0x08002d30   0x00000014   Code   RO          949    i.NVIC_PriorityGroupConfig  misc.o
    0x08002d44   0x0000002c   Code   RO         3240    i.OSInit            os_core.o
    0x08002d70   0x00000002   Code   RO         3957    i.OSInitHookBegin   os_cpu_c.o
    0x08002d72   0x00000002   Code   RO         3958    i.OSInitHookEnd     os_cpu_c.o
    0x08002d74   0x00000024   Code   RO         3241    i.OSIntEnter        os_core.o
    0x08002d98   0x00000090   Code   RO         3242    i.OSIntExit         os_core.o
    0x08002e28   0x00000040   Code   RO         3243    i.OSSchedLock       os_core.o
    0x08002e68   0x00000060   Code   RO         3244    i.OSSchedUnlock     os_core.o
    0x08002ec8   0x00000048   Code   RO         3245    i.OSStart           os_core.o
    0x08002f10   0x00000002   Code   RO         3959    i.OSTCBInitHook     os_cpu_c.o
    0x08002f12   0x00000002   PAD
    0x08002f14   0x000000a0   Code   RO         3793    i.OSTaskCreate      os_task.o
    0x08002fb4   0x000000b8   Code   RO         3794    i.OSTaskCreateExt   os_task.o
    0x0800306c   0x00000002   Code   RO         3960    i.OSTaskCreateHook  os_cpu_c.o
    0x0800306e   0x00000002   PAD
    0x08003070   0x00000154   Code   RO         3795    i.OSTaskDel         os_task.o
    0x080031c4   0x00000002   Code   RO         3961    i.OSTaskDelHook     os_cpu_c.o
    0x080031c6   0x00000002   Code   RO         3962    i.OSTaskIdleHook    os_cpu_c.o
    0x080031c8   0x00000070   Code   RO         3798    i.OSTaskNameSet     os_task.o
    0x08003238   0x00000002   Code   RO         3963    i.OSTaskReturnHook  os_cpu_c.o
    0x0800323a   0x00000002   Code   RO         3964    i.OSTaskStatHook    os_cpu_c.o
    0x0800323c   0x0000008c   Code   RO         3803    i.OSTaskStkChk      os_task.o
    0x080032c8   0x000001b0   Code   RO         3965    i.OSTaskStkInit     os_cpu_c.o
    0x08003478   0x000000a8   Code   RO         3804    i.OSTaskSuspend     os_task.o
    0x08003520   0x00000002   Code   RO         3966    i.OSTaskSwHook      os_cpu_c.o
    0x08003522   0x00000002   PAD
    0x08003524   0x00000078   Code   RO         3896    i.OSTimeDly         os_time.o
    0x0800359c   0x00000060   Code   RO         3897    i.OSTimeDlyHMSM     os_time.o
    0x080035fc   0x0000001c   Code   RO         3899    i.OSTimeGet         os_time.o
    0x08003618   0x000000ec   Code   RO         3247    i.OSTimeTick        os_core.o
    0x08003704   0x00000002   Code   RO         3967    i.OSTimeTickHook    os_cpu_c.o
    0x08003706   0x00000002   Code   RO         3249    i.OS_Dummy          os_core.o
    0x08003708   0x0000002a   Code   RO         3251    i.OS_EventTaskRemove  os_core.o
    0x08003732   0x00000002   PAD
    0x08003734   0x00000058   Code   RO         3439    i.OS_FlagInit       os_flag.o
    0x0800378c   0x00000024   Code   RO         3441    i.OS_FlagUnlink     os_flag.o
    0x080037b0   0x00000054   Code   RO         3254    i.OS_InitEventList  os_core.o
    0x08003804   0x00000054   Code   RO         3255    i.OS_InitMisc       os_core.o
    0x08003858   0x00000044   Code   RO         3256    i.OS_InitRdyList    os_core.o
    0x0800389c   0x00000080   Code   RO         3257    i.OS_InitTCBList    os_core.o
    0x0800391c   0x00000050   Code   RO         3258    i.OS_InitTaskIdle   os_core.o
    0x0800396c   0x00000050   Code   RO         3259    i.OS_InitTaskStat   os_core.o
    0x080039bc   0x00000012   Code   RO         3260    i.OS_MemClr         os_core.o
    0x080039ce   0x00000002   PAD
    0x080039d0   0x00000050   Code   RO         3660    i.OS_QInit          os_q.o
    0x08003a20   0x00000074   Code   RO         3262    i.OS_Sched          os_core.o
    0x08003a94   0x0000002c   Code   RO         3263    i.OS_SchedNew       os_core.o
    0x08003ac0   0x00000134   Code   RO         3265    i.OS_TCBInit        os_core.o
    0x08003bf4   0x00000028   Code   RO         3266    i.OS_TaskIdle       os_core.o
    0x08003c1c   0x00000018   Code   RO         3805    i.OS_TaskReturn     os_task.o
    0x08003c34   0x00000088   Code   RO         3267    i.OS_TaskStat       os_core.o
    0x08003cbc   0x0000003c   Code   RO         3268    i.OS_TaskStatStkChk  os_core.o
    0x08003cf8   0x0000001a   Code   RO         3806    i.OS_TaskStkClr     os_task.o
    0x08003d12   0x00000002   PAD
    0x08003d14   0x0000014c   Code   RO          883    i.Odrive_Control_pos1  a80.o
    0x08003e60   0x00000026   Code   RO          630    i.PID_abs_limit     pid.o
    0x08003e86   0x00000002   PAD
    0x08003e88   0x000000fc   Code   RO          631    i.PID_incremental_PID_calculation  pid.o
    0x08003f84   0x00000044   Code   RO          633    i.PID_parameter_init  pid.o
    0x08003fc8   0x000000f4   Code   RO          635    i.PID_position_PID_calculation_by_error  pid.o
    0x080040bc   0x0000000c   Code   RO         4129    i.PS2_AnologData    pstwo.o
    0x080040c8   0x00000018   Code   RO         4130    i.PS2_ClearData     pstwo.o
    0x080040e0   0x00000090   Code   RO         4131    i.PS2_Cmd           pstwo.o
    0x08004170   0x00000054   Code   RO         4132    i.PS2_DataKey       pstwo.o
    0x080041c4   0x0000005c   Code   RO         4133    i.PS2_EnterConfing  pstwo.o
    0x08004220   0x0000005c   Code   RO         4134    i.PS2_ExitConfing   pstwo.o
    0x0800427c   0x000000b4   Code   RO         4135    i.PS2_ReadData      pstwo.o
    0x08004330   0x0000001c   Code   RO         4137    i.PS2_SetInit       pstwo.o
    0x0800434c   0x00000044   Code   RO         4138    i.PS2_ShortPoll     pstwo.o
    0x08004390   0x00000058   Code   RO         4139    i.PS2_TurnOnAnalogMode  pstwo.o
    0x080043e8   0x00000060   Code   RO         4142    i.PS2_init          pstwo.o
    0x08004448   0x00000048   Code   RO         4143    i.PS2_update_ps2_command  pstwo.o
    0x08004490   0x000003e0   Code   RO         4299    i.Pathplan          moving.o
    0x08004870   0x00000020   Code   RO         1090    i.RCC_AHB1PeriphClockCmd  stm32f4xx_rcc.o
    0x08004890   0x00000020   Code   RO         1099    i.RCC_APB1PeriphClockCmd  stm32f4xx_rcc.o
    0x080048b0   0x00000020   Code   RO         1101    i.RCC_APB1PeriphResetCmd  stm32f4xx_rcc.o
    0x080048d0   0x00000020   Code   RO         1102    i.RCC_APB2PeriphClockCmd  stm32f4xx_rcc.o
    0x080048f0   0x000000e8   Code   RO         1111    i.RCC_GetClocksFreq  stm32f4xx_rcc.o
    0x080049d8   0x00000018   Code   RO         4394    i.Read_GPIO         information.o
    0x080049f0   0x000000ac   Code   RO         4395    i.Read_Gyro         information.o
    0x08004a9c   0x00000068   Code   RO         4396    i.Read_V_real       information.o
    0x08004b04   0x00000002   Code   RO          269    i.SVC_Handler       stm32f4xx_it.o
    0x08004b06   0x00000044   Code   RO         4398    i.Sensor_Update     information.o
    0x08004b4a   0x00000002   PAD
    0x08004b4c   0x000000ec   Code   RO          349    i.SetSysClock       system_stm32f4xx.o
    0x08004c38   0x00000028   Code   RO          952    i.SysTick_CLKSourceConfig  misc.o
    0x08004c60   0x0000001c   Code   RO         3074    i.SysTick_Handler   delay.o
    0x08004c7c   0x00000068   Code   RO          351    i.SystemInit        system_stm32f4xx.o
    0x08004ce4   0x000000a8   Code   RO          687    i.TIM9_PWM_Init     time.o
    0x08004d8c   0x00000018   Code   RO         2321    i.TIM_ARRPreloadConfig  stm32f4xx_tim.o
    0x08004da4   0x00000018   Code   RO         2333    i.TIM_Cmd           stm32f4xx_tim.o
    0x08004dbc   0x0000007c   Code   RO         2362    i.TIM_OC1Init       stm32f4xx_tim.o
    0x08004e38   0x00000012   Code   RO         2365    i.TIM_OC1PreloadConfig  stm32f4xx_tim.o
    0x08004e4a   0x00000002   PAD
    0x08004e4c   0x000000a4   Code   RO         2367    i.TIM_OC2Init       stm32f4xx_tim.o
    0x08004ef0   0x0000001a   Code   RO         2370    i.TIM_OC2PreloadConfig  stm32f4xx_tim.o
    0x08004f0a   0x00000002   PAD
    0x08004f0c   0x00000084   Code   RO         2405    i.TIM_TimeBaseInit  stm32f4xx_tim.o
    0x08004f90   0x00000050   Code   RO         4463    i.TURNPLATE_adjusting  task.o
    0x08004fe0   0x00000038   Code   RO          528    i.UART4_IRQHandler  gyro.o
    0x08005018   0x00000090   Code   RO         3157    i.USART1_IRQHandler  usart.o
    0x080050a8   0x0000009c   Code   RO         3158    i.USART2_IRQHandler  usart.o
    0x08005144   0x000000fc   Code   RO         4091    i.USART3_IRQHandler  global_location.o
    0x08005240   0x0000009c   Code   RO         3160    i.USART6_IRQHandler  usart.o
    0x080052dc   0x00000012   Code   RO         1480    i.USART_ClearFlag   stm32f4xx_usart.o
    0x080052ee   0x0000001e   Code   RO         1481    i.USART_ClearITPendingBit  stm32f4xx_usart.o
    0x0800530c   0x00000018   Code   RO         1484    i.USART_Cmd         stm32f4xx_usart.o
    0x08005324   0x00000054   Code   RO         1488    i.USART_GetITStatus  stm32f4xx_usart.o
    0x08005378   0x0000004a   Code   RO         1490    i.USART_ITConfig    stm32f4xx_usart.o
    0x080053c2   0x00000002   PAD
    0x080053c4   0x000000d4   Code   RO         1491    i.USART_Init        stm32f4xx_usart.o
    0x08005498   0x0000000a   Code   RO         1498    i.USART_ReceiveData  stm32f4xx_usart.o
    0x080054a2   0x00000002   PAD
    0x080054a4   0x000000b8   Code   RO         4092    i.Update_Action_gl_position  global_location.o
    0x0800555c   0x00000004   Code   RO          270    i.UsageFault_Handler  stm32f4xx_it.o
    0x08005560   0x0000047c   Code   RO         4048    i.World_4wheels     chassis_driver.o
    0x080059dc   0x00000030   Code   RO         4711    i.__ARM_fpclassify  m_wm.l(fpclassify.o)
    0x08005a0c   0x00000004   PAD
    0x08005a10   0x000000c8   Code   RO         4625    i.__hardfp_cos      m_wm.l(cos.o)
    0x08005ad8   0x000000c8   Code   RO         4637    i.__hardfp_sin      m_wm.l(sin.o)
    0x08005ba0   0x0000007a   Code   RO         4649    i.__hardfp_sqrt     m_wm.l(sqrt.o)
    0x08005c1a   0x00000006   PAD
    0x08005c20   0x00000438   Code   RO         4715    i.__ieee754_rem_pio2  m_wm.l(rred.o)
    0x08006058   0x00000170   Code   RO         4688    i.__kernel_cos      m_wm.l(cos_i.o)
    0x080061c8   0x000000f8   Code   RO         4713    i.__kernel_poly     m_wm.l(poly.o)
    0x080062c0   0x00000130   Code   RO         4720    i.__kernel_sin      m_wm.l(sin_i.o)
    0x080063f0   0x00000014   Code   RO         4692    i.__mathlib_dbl_infnan  m_wm.l(dunder.o)
    0x08006404   0x00000004   PAD
    0x08006408   0x00000020   Code   RO         4694    i.__mathlib_dbl_invalid  m_wm.l(dunder.o)
    0x08006428   0x00000020   Code   RO         4697    i.__mathlib_dbl_underflow  m_wm.l(dunder.o)
    0x08006448   0x00000004   Code   RO         3161    i._sys_exit         usart.o
    0x0800644c   0x00000300   Code   RO         4244    i.ad_plan_arm_motor_RPM  m3508_drive.o
    0x0800674c   0x00000038   Code   RO          735    i.beep_GPIO_init    gpio.o
    0x08006784   0x0000007a   Code   RO          412    i.bsp_init          bsp.o
    0x080067fe   0x00000002   PAD
    0x08006800   0x00000110   Code   RO          466    i.can1_CAN1_init    can1.o
    0x08006910   0x00000120   Code   RO          498    i.can2_CAN2_init    can2.o
    0x08006a30   0x00000124   Code   RO         4049    i.cd_velocity_adjust  chassis_driver.o
    0x08006b54   0x00000084   Code   RO          736    i.cs_GPIO_init      gpio.o
    0x08006bd8   0x00000040   Code   RO          737    i.cylinder_GPIO_init  gpio.o
    0x08006c18   0x00000068   Code   RO          738    i.cylinder_off      gpio.o
    0x08006c80   0x00000068   Code   RO          739    i.cylinder_on       gpio.o
    0x08006ce8   0x00000054   Code   RO         3075    i.delay_init        delay.o
    0x08006d3c   0x00000050   Code   RO         3076    i.delay_ms          delay.o
    0x08006d8c   0x00000008   Code   RO         3077    i.delay_osschedlock  delay.o
    0x08006d94   0x00000008   Code   RO         3078    i.delay_osschedunlock  delay.o
    0x08006d9c   0x0000000c   Code   RO         3079    i.delay_ostimedly   delay.o
    0x08006da8   0x00000058   Code   RO         3080    i.delay_us          delay.o
    0x08006e00   0x00000018   Code   RO         4707    i.fabs              m_wm.l(fabs.o)
    0x08006e18   0x0000001c   Code   RO         3162    i.fputc             usart.o
    0x08006e34   0x000000b4   Code   RO          529    i.gyro_UART4_init   gyro.o
    0x08006ee8   0x00000058   Code   RO          530    i.gyro_processing_gyro_data  gyro.o
    0x08006f40   0x00000088   Code   RO          740    i.ls_GPIO_init      gpio.o
    0x08006fc8   0x0000016c   Code   RO          568    i.m2006_TURN_MOTOR_angle_integral  m3508.o
    0x08007134   0x00000070   Code   RO          569    i.m2006_send_motor_currents  m3508.o
    0x080071a4   0x0000016c   Code   RO          570    i.m3508_ARM_angle_integral  m3508.o
    0x08007310   0x00000130   Code   RO          571    i.m3508_motor_init  m3508.o
    0x08007440   0x00000058   Code   RO          572    i.m3508_send_motor_currents  m3508.o
    0x08007498   0x00000168   Code   RO          573    i.m3508_update_m3508_info  m3508.o
    0x08007600   0x00000024   Code   RO            3    i.main              main.o
    0x08007624   0x0000005c   Code   RO         4300    i.moving_init       moving.o
    0x08007680   0x000000bc   Code   RO         4301    i.moving_point_track  moving.o
    0x0800773c   0x000003fc   Code   RO         4302    i.moving_task       moving.o
    0x08007b38   0x000000cc   Code   RO         4303    i.moving_yaw_adjusting  moving.o
    0x08007c04   0x00000012   Code   RO         4464    i.pass_ball_task    task.o
    0x08007c16   0x00000002   PAD
    0x08007c18   0x00000350   Code   RO         4304    i.point_follow      moving.o
    0x08007f68   0x000000a8   Code   RO         4465    i.romote_action_task  task.o
    0x08008010   0x00000464   Code   RO         4466    i.shoot_ball_task   task.o
    0x08008474   0x000000ac   Code   RO         4467    i.start_task        task.o
    0x08008520   0x000000ac   Code   RO         3164    i.uart_init         usart.o
    0x080085cc   0x00000034   Code   RO          817    i.uint_to_float     ak80.o
    0x08008600   0x0000002c   Code   RO         4787    locale$$code        c_w.l(lc_numeric_c.o)
    0x0800862c   0x00000018   Code   RO         4585    x$fpl$basic         fz_wm.l(basic.o)
    0x08008644   0x00000062   Code   RO         4587    x$fpl$d2f           fz_wm.l(d2f.o)
    0x080086a6   0x00000002   PAD
    0x080086a8   0x00000150   Code   RO         4589    x$fpl$dadd          fz_wm.l(daddsub_clz.o)
    0x080087f8   0x00000018   Code   RO         4789    x$fpl$dcmpinf       fz_wm.l(dcmpi.o)
    0x08008810   0x000002b0   Code   RO         4596    x$fpl$ddiv          fz_wm.l(ddiv.o)
    0x08008ac0   0x0000005e   Code   RO         4599    x$fpl$dfix          fz_wm.l(dfix.o)
    0x08008b1e   0x0000002e   Code   RO         4792    x$fpl$dflt          fz_wm.l(dflt_clz.o)
    0x08008b4c   0x00000026   Code   RO         4791    x$fpl$dfltu         fz_wm.l(dflt_clz.o)
    0x08008b72   0x00000002   PAD
    0x08008b74   0x00000078   Code   RO         4675    x$fpl$dleqf         fz_wm.l(dleqf.o)
    0x08008bec   0x00000154   Code   RO         4603    x$fpl$dmul          fz_wm.l(dmul.o)
    0x08008d40   0x0000009c   Code   RO         4677    x$fpl$dnaninf       fz_wm.l(dnaninf.o)
    0x08008ddc   0x0000000c   Code   RO         4679    x$fpl$dretinf       fz_wm.l(dretinf.o)
    0x08008de8   0x0000006c   Code   RO         4605    x$fpl$drleqf        fz_wm.l(drleqf.o)
    0x08008e54   0x00000016   Code   RO         4590    x$fpl$drsb          fz_wm.l(daddsub_clz.o)
    0x08008e6a   0x00000002   PAD
    0x08008e6c   0x00000198   Code   RO         4681    x$fpl$dsqrt         fz_wm.l(dsqrt_umaal.o)
    0x08009004   0x000001d4   Code   RO         4591    x$fpl$dsub          fz_wm.l(daddsub_clz.o)
    0x080091d8   0x00000056   Code   RO         4607    x$fpl$f2d           fz_wm.l(f2d.o)
    0x0800922e   0x0000008c   Code   RO         4683    x$fpl$fnaninf       fz_wm.l(fnaninf.o)
    0x080092ba   0x0000000a   Code   RO         4865    x$fpl$fpinit        fz_wm.l(fpinit.o)
    0x080092c4   0x0000000a   Code   RO         4685    x$fpl$fretinf       fz_wm.l(fretinf.o)
    0x080092ce   0x00000004   Code   RO         4609    x$fpl$printf1       fz_wm.l(printf1.o)
    0x080092d2   0x00000000   Code   RO         4687    x$fpl$usenofp       fz_wm.l(usenofp.o)
    0x080092d2   0x00000002   PAD
    0x080092d4   0x0000000c   Data   RO          886    .constdata          a80.o
    0x080092e0   0x00000100   Data   RO         3270    .constdata          os_core.o
    0x080093e0   0x00000030   Data   RO         4689    .constdata          m_wm.l(cos_i.o)
    0x08009410   0x000000c8   Data   RO         4717    .constdata          m_wm.l(rred.o)
    0x080094d8   0x00000028   Data   RO         4721    .constdata          m_wm.l(sin_i.o)
    0x08009500   0x00000094   Data   RO         4758    .constdata          c_w.l(bigflt0.o)
    0x08009594   0x00000020   Data   RO         4935    Region$$Table       anon$$obj.o
    0x080095b4   0x0000001c   Data   RO         4786    locale$$data        c_w.l(lc_numeric_c.o)


    Execution Region RW_IRAM1 (Base: 0x20000000, Size: 0x000108b0, Max: 0x00020000, ABSOLUTE, COMPRESSED[0x000000b8])

    Base Addr    Size         Type   Attr      Idx    E Section Name        Object

    0x20000000   0x00000014   Data   RW          387    .data               robot.o
    0x20000014   0x0000000a   Data   RW          532    .data               gyro.o
    0x2000001e   0x0000000b   Data   RW          575    .data               m3508.o
    0x20000029   0x00000003   PAD
    0x2000002c   0x00000005   Data   RW          887    .data               a80.o
    0x20000031   0x00000010   Data   RW         1143    .data               stm32f4xx_rcc.o
    0x20000041   0x00000003   PAD
    0x20000044   0x00000008   Data   RW         3081    .data               delay.o
    0x2000004c   0x00000012   Data   RW         3166    .data               usart.o
    0x2000005e   0x00000002   PAD
    0x20000060   0x00000048   Data   RW         3271    .data               os_core.o
    0x200000a8   0x0000000b   Data   RW         4094    .data               global_location.o
    0x200000b3   0x00000001   PAD
    0x200000b4   0x0000003c   Data   RW         4145    .data               pstwo.o
    0x200000f0   0x00000058   Data   RW         4247    .data               m3508_drive.o
    0x20000148   0x000000f9   Data   RW         4306    .data               moving.o
    0x20000241   0x00000003   PAD
    0x20000244   0x00000008   Data   RW         4400    .data               information.o
    0x2000024c   0x00000010   Data   RW         4469    .data               task.o
    0x2000025c   0x00000004   PAD
    0x20000260   0x00007800   Zero   RW            4    .bss                main.o
    0x20007a60   0x000000fa   Zero   RW          531    .bss                gyro.o
    0x20007b5a   0x00000002   PAD
    0x20007b5c   0x00000214   Zero   RW          574    .bss                m3508.o
    0x20007d70   0x0000001c   Zero   RW          818    .bss                ak80.o
    0x20007d8c   0x000000ec   Zero   RW         3165    .bss                usart.o
    0x20007e78   0x00000a80   Zero   RW         3269    .bss                os_core.o
    0x200088f8   0x00000028   Zero   RW         4050    .bss                chassis_driver.o
    0x20008920   0x0000004c   Zero   RW         4093    .bss                global_location.o
    0x2000896c   0x00000009   Zero   RW         4144    .bss                pstwo.o
    0x20008975   0x00000003   PAD
    0x20008978   0x0000001c   Zero   RW         4246    .bss                m3508_drive.o
    0x20008994   0x00000080   Zero   RW         4305    .bss                moving.o
    0x20008a14   0x00000038   Zero   RW         4399    .bss                information.o
    0x20008a4c   0x00000004   PAD
    0x20008a50   0x00007800   Zero   RW         4468    .bss                task.o
    0x20010250   0x00000060   Zero   RW         4800    .bss                c_w.l(libspace.o)
    0x200102b0   0x00000200   Zero   RW          940    HEAP                startup_stm32f40_41xxx.o
    0x200104b0   0x00000400   Zero   RW          939    STACK               startup_stm32f40_41xxx.o


==============================================================================

Image component sizes


      Code (inc. data)   RO Data    RW Data    ZI Data      Debug   Object Name

       358         14         12          5          0       3226   a80.o
        32          4          0          0          0        533   adc.o
       180         14          0          0         28       2766   ak80.o
       122          0          0          0          0        599   bsp.o
       352         18          0          0          0       1956   can1.o
       356         20          0          0          0       1956   can2.o
      1440         62          0          0         40       1913   chassis_driver.o
        10          0          0          0          0        544   debug.o
       352         38          0          8          0       5070   delay.o
       512         56          0         11         76       3539   global_location.o
       984         84          0          0          0       5669   gpio.o
       324         30          0         10        250       2754   gyro.o
       400         62          0          8         56       4941   information.o
      1592        144          0         11        532       6235   m3508.o
       990         38          0         88         28       4831   m3508_drive.o
        36         10          0          0      30720     316492   main.o
       180         24          0          0          0       2505   misc.o
      3476        266          0        249        128       8331   moving.o
      1982        382        256         72       2688      22071   os_core.o
       200         32          0          0          0        372   os_cpu_a.o
       452          6          0          0          0      14886   os_cpu_c.o
       124         14          0          0          0       1354   os_flag.o
        80          8          0          0          0        647   os_q.o
      1154        116          0          0          0       7312   os_task.o
       244         34          0          0          0       2120   os_time.o
       602         14          0          0          0       3267   pid.o
       980        112          0         60          9       8151   pstwo.o
      2184        124          0         20          0       3697   robot.o
        64         26        392          0       1536        880   startup_stm32f40_41xxx.o
        48          0          0          0          0       2750   stm32f4xx_adc.o
      1654         22          0          0          0       8600   stm32f4xx_can.o
       222          0          0          0          0       3395   stm32f4xx_gpio.o
        22          0          0          0          0       3495   stm32f4xx_it.o
       360         42          0         16          0       5904   stm32f4xx_rcc.o
       512         48          0          0          0       5874   stm32f4xx_tim.o
       452          8          0          0          0       6266   stm32f4xx_usart.o
       340         32          0          0          0       1617   system_stm32f4xx.o
      1986        264          0         16      30720       5282   task.o
       360         16          0          0          0       1644   time.o
       836        102          0         18        236       6799   usart.o

    ----------------------------------------------------------------------
     26590       2286        692        604      67060     490243   Object Totals
         0          0         32          0          0          0   (incl. Generated)
        36          0          0         12         13          0   (incl. Padding)

    ----------------------------------------------------------------------

      Code (inc. data)   RO Data    RW Data    ZI Data      Debug   Library Member Name

        90          0          0          0          0          0   __dczerorl2.o
         8          0          0          0          0         68   __main.o
       104          0          0          0          0         84   __printf.o
         0          0          0          0          0          0   __rtentry.o
        12          0          0          0          0          0   __rtentry2.o
         6          0          0          0          0          0   __rtentry4.o
        52          8          0          0          0          0   __scatter.o
        28          0          0          0          0          0   __scatter_zi.o
        44          0          0          0          0        108   _printf_char.o
        48          6          0          0          0         96   _printf_char_common.o
        36          4          0          0          0         80   _printf_char_file.o
         6          0          0          0          0          0   _printf_d.o
       120         16          0          0          0         92   _printf_dec.o
         6          0          0          0          0          0   _printf_f.o
      1050          0          0          0          0        216   _printf_fp_dec.o
       128         16          0          0          0         84   _printf_fp_infnan.o
       178          0          0          0          0         88   _printf_intcommon.o
         0          0          0          0          0          0   _printf_percent.o
         4          0          0          0          0          0   _printf_percent_end.o
         6          0          0          0          0          0   _printf_s.o
        82          0          0          0          0         80   _printf_str.o
        22          0          0          0          0        100   _rserrno.o
       220          4        148          0          0         96   bigflt0.o
      1910        128          0          0          0        672   btod.o
        12          0          0          0          0         72   exit.o
         8          0          0          0          0         68   ferror.o
         6          0          0          0          0        152   heapauxi.o
        44         10         28          0          0         76   lc_numeric_c.o
         2          0          0          0          0          0   libinit.o
        22          0          0          0          0          0   libinit2.o
         2          0          0          0          0          0   libshutdown.o
         2          0          0          0          0          0   libshutdown2.o
         8          4          0          0         96         68   libspace.o
       138          0          0          0          0         80   lludiv10.o
        24          4          0          0          0         84   noretval__2printf.o
         8          4          0          0          0         68   rt_errno_addr_intlibspace.o
         8          4          0          0          0         68   rt_locale_intlibspace.o
         2          0          0          0          0          0   rtexit.o
        10          0          0          0          0          0   rtexit2.o
       128          0          0          0          0         68   strcmpv7m.o
        74          0          0          0          0         80   sys_stackheap_outer.o
         2          0          0          0          0         68   use_no_semi.o
         2          0          0          0          0         68   use_no_semi_2.o
        24          0          0          0          0        164   basic.o
        98          4          0          0          0        140   d2f.o
       826         16          0          0          0        492   daddsub_clz.o
        24          0          0          0          0        116   dcmpi.o
       688        140          0          0          0        256   ddiv.o
        94          4          0          0          0        140   dfix.o
        84          0          0          0          0        232   dflt_clz.o
       120          4          0          0          0        140   dleqf.o
       340         12          0          0          0        152   dmul.o
       156          4          0          0          0        140   dnaninf.o
        12          0          0          0          0        116   dretinf.o
       108          0          0          0          0        128   drleqf.o
       408         56          0          0          0        168   dsqrt_umaal.o
        86          4          0          0          0        132   f2d.o
       140          4          0          0          0        132   fnaninf.o
        10          0          0          0          0        116   fpinit.o
        10          0          0          0          0        116   fretinf.o
         4          0          0          0          0        116   printf1.o
         0          0          0          0          0          0   usenofp.o
       200         20          0          0          0        164   cos.o
       368         46         48          0          0        200   cos_i.o
        84         16          0          0          0        372   dunder.o
        24          0          0          0          0        124   fabs.o
        48          0          0          0          0        124   fpclassify.o
       248          0          0          0          0        152   poly.o
      1080        142        200          0          0        188   rred.o
       200         20          0          0          0        164   sin.o
       304         24         40          0          0        208   sin_i.o
       122          0          0          0          0        148   sqrt.o

    ----------------------------------------------------------------------
     10606        724        464          0         96       7724   Library Totals
        34          0          0          0          0          0   (incl. Padding)

    ----------------------------------------------------------------------

      Code (inc. data)   RO Data    RW Data    ZI Data      Debug   Library Name

      4662        208        176          0         96       2884   c_w.l
      3232        248          0          0          0       2996   fz_wm.l
      2678        268        288          0          0       1844   m_wm.l

    ----------------------------------------------------------------------
     10606        724        464          0         96       7724   Library Totals

    ----------------------------------------------------------------------

==============================================================================


      Code (inc. data)   RO Data    RW Data    ZI Data      Debug   

     37196       3010       1156        604      67156     475807   Grand Totals
     37196       3010       1156        184      67156     475807   ELF Image Totals (compressed)
     37196       3010       1156        184          0          0   ROM Totals

==============================================================================

    Total RO  Size (Code + RO Data)                38352 (  37.45kB)
    Total RW  Size (RW Data + ZI Data)             67760 (  66.17kB)
    Total ROM Size (Code + RO Data + RW Data)      38536 (  37.63kB)

==============================================================================

